Windows PowerShell
(C) Корпорация Майкрософт (Microsoft Corporation). Все права защищены.

Попробуйте новую кроссплатформенную оболочку PowerShell (https://aka.ms/pscore6)

PS C:\Users\Dasha> Get-Location Windows
Get-Location : Не удается найти позиционный параметр, принимающий аргумент "Windows".
строка:1 знак:1
+ Get-Location Windows
+ ~~~~~~~~~~~~~~~~~~~~
    + CategoryInfo          : InvalidArgument: (:) [Get-Location], ParameterBindingException
    + FullyQualifiedErrorId : PositionalParameterNotFound,Microsoft.PowerShell.Commands.GetLocationCommand

PS C:\Users\Dasha> cd C:\Windows
PS C:\Windows> Get-ChildItem


    Каталог: C:\Windows


Mode                 LastWriteTime         Length Name
----                 -------------         ------ ----
d-----        07.12.2019     17:35                addins
d-----        12.04.2024     11:17                appcompat
d-----        09.10.2024     23:49                apppatch
d-----        22.10.2024     20:17                AppReadiness
d-r-s-        09.10.2024     23:52                assembly
d-----        09.10.2024     23:49                bcastdvr
d-----        11.04.2024     21:04                Boot
d-----        07.12.2019     12:14                Branding
d-----        09.10.2024     19:20                CbsTemp
d-----        07.12.2019     17:58                Containers
d-----        08.12.2022     23:42                CSC
d-----        07.12.2019     12:14                Cursors
d-----        11.05.2023     17:16                debug
d-----        07.12.2019     12:31                diagnostics
d-----        08.09.2022      6:15                DiagTrack
d-----        07.12.2019     17:34                DigitalLocker
d---s-        07.12.2019     12:14                Downloaded Program Files
d-----        13.06.2024      0:29                en-GB
d-----        13.06.2024      0:29                en-US
d-r-s-        21.02.2024     15:58                Fonts
d-----        07.12.2019     12:14                GameBarPresenceWriter
d-----        07.12.2019     12:31                Globalization
d-----        07.12.2019     17:34                Help
d-----        07.12.2019     12:31                IdentityCRL
d-----        17.11.2023      2:21                IME
d-r---        09.10.2024     23:49                ImmersiveControlPanel
d-----        13.07.2024      2:11                InboxApps
d-----        22.10.2024     20:22                INF
d-----        07.12.2019     12:14                InputMethod
d-----        07.12.2019     12:14                L2Schemas
d-----        26.09.2024     17:23                LiveKernelReports
d-----        22.10.2024     20:16                Logs
d-r-s-        07.12.2019     12:31                Media
d-r---        23.10.2024     14:46                Microsoft.NET
d-----        07.12.2019     12:14                Migration
d-----        28.09.2024     15:51                Minidump
d-----        07.12.2019     12:14                ModemLogs
d-----        09.12.2022      3:28                OCR
d-r---        07.12.2019     12:14                Offline Web Pages
d-----        02.08.2024     18:05                Panther
d-----        07.12.2019     12:14                Performance
d-----        07.12.2019     12:31                PLA
d-----        09.10.2024     23:49                PolicyDefinitions
d-----        23.10.2024     19:55                Prefetch
d-r---        17.05.2024      0:35                PrintDialog
d-----        16.08.2024     17:31                Provisioning
d-----        22.05.2023     21:52                Registration
d-----        07.12.2019     17:37                RemotePackages
d-----        07.12.2019     12:14                rescache
d-----        07.12.2019     12:31                Resources
d-----        13.06.2024      0:29                ru-RU
d-----        07.12.2019     12:14                SchCache
d-----        07.12.2019     17:37                schemas
d-----        07.12.2019     17:37                security
d-----        08.12.2022     23:39                ServiceProfiles
d-----        22.10.2024     20:16                ServiceState
d-----        17.05.2024      0:35                servicing
d-----        07.12.2019     12:18                Setup
d-----        13.07.2024      2:11                ShellComponents
d-----        09.10.2024     23:49                ShellExperiences
d-----        07.12.2019     12:31                SKB
d-----        09.12.2022      3:28                SoftwareDistribution
d-----        07.12.2019     12:14                Speech
d-----        07.12.2019     12:14                Speech_OneCore
d-----        07.12.2019     12:14                System
d-----        22.10.2024     20:22                System32
d-----        16.12.2022     23:02                SystemApps
d-----        09.10.2024     23:49                SystemResources
d-----        23.10.2024     14:03                SystemTemp
d-----        09.10.2024     23:49                SysWOW64
d-----        07.12.2019     12:14                TAPI
d-----        09.12.2022     18:35                Tasks
d-----        23.10.2024     21:59                Temp
d-----        07.12.2019     12:14                tracing
d-----        17.11.2023      2:21                twain_32
d-----        07.12.2019     12:14                Vss
d-----        07.12.2019     12:14                WaaS
d-----        07.12.2019     12:31                Web
d-----        12.10.2024     14:50                WinSxS
-a----        13.09.2024     20:26       41943896 392667600.dat
-a----        09.10.2024     19:18          98304 bfsvc.exe
-a--s-        23.10.2024     21:52          67584 bootstat.dat
-a----        25.08.2024     19:59          64403 DirectX.log
-a----        13.06.2024      0:30           3891 DtcInstall.log
-a----        09.10.2024     19:18        5845320 explorer.exe
-a----        12.07.2024     16:40        1065984 HelpPane.exe
-a----        07.12.2019     12:09          18432 hh.exe
-a----        08.12.2022     23:39           1380 lsasetup.log
-a----        07.12.2019     12:08          43131 mib.bin
-a----        15.05.2024     16:14         200704 notepad.exe
-a----        22.10.2024     20:16         824810 PFRO.log
-a----        07.12.2019     12:10          30831 Professional.xml
-a----        01.08.2022     21:59         736168 py.exe
-a----        01.08.2022     21:59          49576 pyshellext.amd64.dll
-a----        01.08.2022     21:59         736680 pyw.exe
-a----        15.05.2024     16:14         370176 regedit.exe
-a----        23.10.2024     21:52         159022 setupact.log
-a----        08.12.2022     23:39              0 setuperr.log
-a----        15.05.2024     16:13         164352 splwow64.exe
-a----        07.12.2019     12:12            219 system.ini
-a----        09.10.2024     19:18          76800 twain_32.dll
-a----        23.10.2024     20:10              1 vgkbootstatus.dat
-a----        07.12.2019     12:12             92 win.ini
-a----        23.10.2024     21:59            276 WindowsUpdate.log
-a----        07.12.2019     12:10          11776 winhlp32.exe
-a----        07.12.2019     17:37         316640 WMSysPr9.prx
-a----        07.12.2019      0:29          11264 write.exe
-a----        26.02.2023     23:55             53 WrpYGF74DrEm.ini


PS C:\Windows> Get-Content jpg
Get-Content : Не удается найти путь "C:\Windows\jpg", так как он не существует.
строка:1 знак:1
+ Get-Content jpg
+ ~~~~~~~~~~~~~~~
    + CategoryInfo          : ObjectNotFound: (C:\Windows\jpg:String) [Get-Content], ItemNotFoundException
    + FullyQualifiedErrorId : PathNotFound,Microsoft.PowerShell.Commands.GetContentCommand

PS C:\Windows> Get-ChildItem jpg
Get-ChildItem : Не удается найти путь "C:\Windows\jpg", так как он не существует.
строка:1 знак:1
+ Get-ChildItem jpg
+ ~~~~~~~~~~~~~~~~~
    + CategoryInfo          : ObjectNotFound: (C:\Windows\jpg:String) [Get-ChildItem], ItemNotFoundException
    + FullyQualifiedErrorId : PathNotFound,Microsoft.PowerShell.Commands.GetChildItemCommand

PS C:\Windows> ^C
PS C:\Windows> Get-ChildItem


    Каталог: C:\Windows


Mode                 LastWriteTime         Length Name
----                 -------------         ------ ----
d-----        07.12.2019     17:35                addins
d-----        12.04.2024     11:17                appcompat
d-----        09.10.2024     23:49                apppatch
d-----        22.10.2024     20:17                AppReadiness
d-r-s-        09.10.2024     23:52                assembly
d-----        09.10.2024     23:49                bcastdvr
d-----        11.04.2024     21:04                Boot
d-----        07.12.2019     12:14                Branding
d-----        09.10.2024     19:20                CbsTemp
d-----        07.12.2019     17:58                Containers
d-----        08.12.2022     23:42                CSC
d-----        07.12.2019     12:14                Cursors
d-----        11.05.2023     17:16                debug
d-----        07.12.2019     12:31                diagnostics
d-----        08.09.2022      6:15                DiagTrack
d-----        07.12.2019     17:34                DigitalLocker
d---s-        07.12.2019     12:14                Downloaded Program Files
d-----        13.06.2024      0:29                en-GB
d-----        13.06.2024      0:29                en-US
d-r-s-        21.02.2024     15:58                Fonts
d-----        07.12.2019     12:14                GameBarPresenceWriter
d-----        07.12.2019     12:31                Globalization
d-----        07.12.2019     17:34                Help
d-----        07.12.2019     12:31                IdentityCRL
d-----        17.11.2023      2:21                IME
d-r---        09.10.2024     23:49                ImmersiveControlPanel
d-----        13.07.2024      2:11                InboxApps
d-----        22.10.2024     20:22                INF
d-----        07.12.2019     12:14                InputMethod
d-----        07.12.2019     12:14                L2Schemas
d-----        26.09.2024     17:23                LiveKernelReports
d-----        22.10.2024     20:16                Logs
d-r-s-        07.12.2019     12:31                Media
d-r---        23.10.2024     14:46                Microsoft.NET
d-----        07.12.2019     12:14                Migration
d-----        28.09.2024     15:51                Minidump
d-----        07.12.2019     12:14                ModemLogs
d-----        09.12.2022      3:28                OCR
d-r---        07.12.2019     12:14                Offline Web Pages
d-----        02.08.2024     18:05                Panther
d-----        07.12.2019     12:14                Performance
d-----        07.12.2019     12:31                PLA
d-----        09.10.2024     23:49                PolicyDefinitions
d-----        23.10.2024     19:55                Prefetch
d-r---        17.05.2024      0:35                PrintDialog
d-----        16.08.2024     17:31                Provisioning
d-----        22.05.2023     21:52                Registration
d-----        07.12.2019     17:37                RemotePackages
d-----        07.12.2019     12:14                rescache
d-----        07.12.2019     12:31                Resources
d-----        13.06.2024      0:29                ru-RU
d-----        07.12.2019     12:14                SchCache
d-----        07.12.2019     17:37                schemas
d-----        07.12.2019     17:37                security
d-----        08.12.2022     23:39                ServiceProfiles
d-----        22.10.2024     20:16                ServiceState
d-----        17.05.2024      0:35                servicing
d-----        07.12.2019     12:18                Setup
d-----        13.07.2024      2:11                ShellComponents
d-----        09.10.2024     23:49                ShellExperiences
d-----        07.12.2019     12:31                SKB
d-----        09.12.2022      3:28                SoftwareDistribution
d-----        07.12.2019     12:14                Speech
d-----        07.12.2019     12:14                Speech_OneCore
d-----        07.12.2019     12:14                System
d-----        22.10.2024     20:22                System32
d-----        16.12.2022     23:02                SystemApps
d-----        09.10.2024     23:49                SystemResources
d-----        23.10.2024     14:03                SystemTemp
d-----        09.10.2024     23:49                SysWOW64
d-----        07.12.2019     12:14                TAPI
d-----        09.12.2022     18:35                Tasks
d-----        23.10.2024     21:59                Temp
d-----        07.12.2019     12:14                tracing
d-----        17.11.2023      2:21                twain_32
d-----        07.12.2019     12:14                Vss
d-----        07.12.2019     12:14                WaaS
d-----        07.12.2019     12:31                Web
d-----        12.10.2024     14:50                WinSxS
-a----        13.09.2024     20:26       41943896 392667600.dat
-a----        09.10.2024     19:18          98304 bfsvc.exe
-a--s-        23.10.2024     21:52          67584 bootstat.dat
-a----        25.08.2024     19:59          64403 DirectX.log
-a----        13.06.2024      0:30           3891 DtcInstall.log
-a----        09.10.2024     19:18        5845320 explorer.exe
-a----        12.07.2024     16:40        1065984 HelpPane.exe
-a----        07.12.2019     12:09          18432 hh.exe
-a----        08.12.2022     23:39           1380 lsasetup.log
-a----        07.12.2019     12:08          43131 mib.bin
-a----        15.05.2024     16:14         200704 notepad.exe
-a----        22.10.2024     20:16         824810 PFRO.log
-a----        07.12.2019     12:10          30831 Professional.xml
-a----        01.08.2022     21:59         736168 py.exe
-a----        01.08.2022     21:59          49576 pyshellext.amd64.dll
-a----        01.08.2022     21:59         736680 pyw.exe
-a----        15.05.2024     16:14         370176 regedit.exe
-a----        23.10.2024     21:52         159022 setupact.log
-a----        08.12.2022     23:39              0 setuperr.log
-a----        15.05.2024     16:13         164352 splwow64.exe
-a----        07.12.2019     12:12            219 system.ini
-a----        09.10.2024     19:18          76800 twain_32.dll
-a----        23.10.2024     20:10              1 vgkbootstatus.dat
-a----        07.12.2019     12:12             92 win.ini
-a----        23.10.2024     21:59            276 WindowsUpdate.log
-a----        07.12.2019     12:10          11776 winhlp32.exe
-a----        07.12.2019     17:37         316640 WMSysPr9.prx
-a----        07.12.2019      0:29          11264 write.exe
-a----        26.02.2023     23:55             53 WrpYGF74DrEm.ini


PS C:\Windows> Get-ChildItem (jpg)
jpg : Имя "jpg" не распознано как имя командлета, функции, файла сценария или выполняемой программы. Проверьте правильн
ость написания имени, а также наличие и правильность пути, после чего повторите попытку.
строка:1 знак:16
+ Get-ChildItem (jpg)
+                ~~~
    + CategoryInfo          : ObjectNotFound: (jpg:String) [], CommandNotFoundException
    + FullyQualifiedErrorId : CommandNotFoundException

PS C:\Windows>
PS C:\Windows> Get-ChildItem -Include *jpg
PS C:\Windows>
PS C:\Windows> Get-ChildItem -Include *exe
PS C:\Windows>
PS C:\Windows>
PS C:\Windows> Get-ChildItem Include *exe
Get-ChildItem : Не удается найти путь "C:\Windows\Include", так как он не существует.
строка:1 знак:1
+ Get-ChildItem Include *exe
+ ~~~~~~~~~~~~~~~~~~~~~~~~~~
    + CategoryInfo          : ObjectNotFound: (C:\Windows\Include:String) [Get-ChildItem], ItemNotFoundException
    + FullyQualifiedErrorId : PathNotFound,Microsoft.PowerShell.Commands.GetChildItemCommand

PS C:\Windows> Get-ChildItem -exclude *exe


    Каталог: C:\Windows


Mode                 LastWriteTime         Length Name
----                 -------------         ------ ----
d-----        07.12.2019     17:35                addins
d-----        12.04.2024     11:17                appcompat
d-----        09.10.2024     23:49                apppatch
d-----        23.10.2024     14:46                AppReadiness
d-r-s-        09.10.2024     23:52                assembly
d-----        09.10.2024     23:49                bcastdvr
d-----        11.04.2024     21:04                Boot
d-----        07.12.2019     12:14                Branding
d-----        09.10.2024     19:20                CbsTemp
d-----        07.12.2019     17:58                Containers
d-----        08.12.2022     23:42                CSC
d-----        07.12.2019     12:14                Cursors
d-----        11.05.2023     17:16                debug
d-----        07.12.2019     12:31                diagnostics
d-----        08.09.2022      6:15                DiagTrack
d-----        07.12.2019     17:34                DigitalLocker
d---s-        07.12.2019     12:14                Downloaded Program Files
d-----        13.06.2024      0:29                en-GB
d-----        13.06.2024      0:29                en-US
d-r-s-        21.02.2024     15:58                Fonts
d-----        07.12.2019     12:14                GameBarPresenceWriter
d-----        07.12.2019     12:31                Globalization
d-----        07.12.2019     17:34                Help
d-----        07.12.2019     12:31                IdentityCRL
d-----        17.11.2023      2:21                IME
d-r---        09.10.2024     23:49                ImmersiveControlPanel
d-----        13.07.2024      2:11                InboxApps
d-----        22.10.2024     20:22                INF
d-----        07.12.2019     12:14                InputMethod
d-----        07.12.2019     12:14                L2Schemas
d-----        26.09.2024     17:23                LiveKernelReports
d-----        22.10.2024     20:16                Logs
d-r-s-        07.12.2019     12:31                Media
d-r---        23.10.2024     14:46                Microsoft.NET
d-----        07.12.2019     12:14                Migration
d-----        28.09.2024     15:51                Minidump
d-----        07.12.2019     12:14                ModemLogs
d-----        09.12.2022      3:28                OCR
d-r---        07.12.2019     12:14                Offline Web Pages
d-----        02.08.2024     18:05                Panther
d-----        07.12.2019     12:14                Performance
d-----        07.12.2019     12:31                PLA
d-----        09.10.2024     23:49                PolicyDefinitions
d-----        23.10.2024     22:31                Prefetch
d-r---        17.05.2024      0:35                PrintDialog
d-----        16.08.2024     17:31                Provisioning
d-----        22.05.2023     21:52                Registration
d-----        07.12.2019     17:37                RemotePackages
d-----        07.12.2019     12:14                rescache
d-----        07.12.2019     12:31                Resources
d-----        13.06.2024      0:29                ru-RU
d-----        07.12.2019     12:14                SchCache
d-----        07.12.2019     17:37                schemas
d-----        07.12.2019     17:37                security
d-----        08.12.2022     23:39                ServiceProfiles
d-----        22.10.2024     20:16                ServiceState
d-----        17.05.2024      0:35                servicing
d-----        07.12.2019     12:18                Setup
d-----        13.07.2024      2:11                ShellComponents
d-----        09.10.2024     23:49                ShellExperiences
d-----        07.12.2019     12:31                SKB
d-----        09.12.2022      3:28                SoftwareDistribution
d-----        07.12.2019     12:14                Speech
d-----        07.12.2019     12:14                Speech_OneCore
d-----        07.12.2019     12:14                System
d-----        22.10.2024     20:22                System32
d-----        16.12.2022     23:02                SystemApps
d-----        09.10.2024     23:49                SystemResources
d-----        23.10.2024     14:03                SystemTemp
d-----        09.10.2024     23:49                SysWOW64
d-----        07.12.2019     12:14                TAPI
d-----        09.12.2022     18:35                Tasks
d-----        23.10.2024     21:59                Temp
d-----        07.12.2019     12:14                tracing
d-----        17.11.2023      2:21                twain_32
d-----        07.12.2019     12:14                Vss
d-----        07.12.2019     12:14                WaaS
d-----        07.12.2019     12:31                Web
d-----        12.10.2024     14:50                WinSxS
-a----        13.09.2024     20:26       41943896 392667600.dat
-a--s-        23.10.2024     21:52          67584 bootstat.dat
-a----        25.08.2024     19:59          64403 DirectX.log
-a----        13.06.2024      0:30           3891 DtcInstall.log
-a----        08.12.2022     23:39           1380 lsasetup.log
-a----        07.12.2019     12:08          43131 mib.bin
-a----        22.10.2024     20:16         824810 PFRO.log
-a----        07.12.2019     12:10          30831 Professional.xml
-a----        01.08.2022     21:59          49576 pyshellext.amd64.dll
-a----        23.10.2024     21:52         159022 setupact.log
-a----        08.12.2022     23:39              0 setuperr.log
-a----        07.12.2019     12:12            219 system.ini
-a----        09.10.2024     19:18          76800 twain_32.dll
-a----        23.10.2024     20:10              1 vgkbootstatus.dat
-a----        07.12.2019     12:12             92 win.ini
-a----        23.10.2024     21:59            276 WindowsUpdate.log
-a----        07.12.2019     17:37         316640 WMSysPr9.prx
-a----        26.02.2023     23:55             53 WrpYGF74DrEm.ini


PS C:\Windows> Get-ChildItem -include *exe
PS C:\Windows> Get-ChildItem -filter *exe


    Каталог: C:\Windows


Mode                 LastWriteTime         Length Name
----                 -------------         ------ ----
-a----        09.10.2024     19:18          98304 bfsvc.exe
-a----        09.10.2024     19:18        5845320 explorer.exe
-a----        12.07.2024     16:40        1065984 HelpPane.exe
-a----        07.12.2019     12:09          18432 hh.exe
-a----        15.05.2024     16:14         200704 notepad.exe
-a----        01.08.2022     21:59         736168 py.exe
-a----        01.08.2022     21:59         736680 pyw.exe
-a----        15.05.2024     16:14         370176 regedit.exe
-a----        15.05.2024     16:13         164352 splwow64.exe
-a----        07.12.2019     12:10          11776 winhlp32.exe
-a----        07.12.2019      0:29          11264 write.exe


PS C:\Windows> Get-ChildItem -filter *jpg
PS C:\Windows> Get-ChildItem -filter *exe | sort-object "Name"


    Каталог: C:\Windows


Mode                 LastWriteTime         Length Name
----                 -------------         ------ ----
-a----        09.10.2024     19:18          98304 bfsvc.exe
-a----        09.10.2024     19:18        5845320 explorer.exe
-a----        12.07.2024     16:40        1065984 HelpPane.exe
-a----        07.12.2019     12:09          18432 hh.exe
-a----        15.05.2024     16:14         200704 notepad.exe
-a----        01.08.2022     21:59         736168 py.exe
-a----        01.08.2022     21:59         736680 pyw.exe
-a----        15.05.2024     16:14         370176 regedit.exe
-a----        15.05.2024     16:13         164352 splwow64.exe
-a----        07.12.2019     12:10          11776 winhlp32.exe
-a----        07.12.2019      0:29          11264 write.exe


PS C:\Windows> getprocess
getprocess : Имя "getprocess" не распознано как имя командлета, функции, файла сценария или выполняемой программы. Пров
ерьте правильность написания имени, а также наличие и правильность пути, после чего повторите попытку.
строка:1 знак:1
+ getprocess
+ ~~~~~~~~~~
    + CategoryInfo          : ObjectNotFound: (getprocess:String) [], CommandNotFoundException
    + FullyQualifiedErrorId : CommandNotFoundException

PS C:\Windows> get-process

Handles  NPM(K)    PM(K)      WS(K)     CPU(s)     Id  SI ProcessName
-------  ------    -----      -----     ------     --  -- -----------
    136       7     2112       3020              8756   0 AggregatorHost
    218      14    11692      16524      21,41   1956   0 audiodg
    336      37    45524      71188       2,22   2228   1 chrome
    276      23    20204      29204       0,05   3028   1 chrome
   1977      84   107040     198828      66,05   4252   1 chrome
    651     252   308492     352336     155,27   5572   1 chrome
    233      19    15932      20660       0,05   5988   1 chrome
    302      27    25460      42176       0,08   6352   1 chrome
    260      20    18876      24500       0,59   8556   1 chrome
    248      20    18528      25532       0,50   8984   1 chrome
    293      14     5464       9844       0,08   9208   1 chrome
    592     175   214628     266688      67,03   9220   1 chrome
    769      47   189192     209500     212,48  12572   1 chrome
    375      32    30656      59076       0,22  13236   1 chrome
    629      32    64296      43448       0,20  13540   1 chrome
    560      53    32460      54576      16,52  14360   1 chrome
    365      30    28896      60740       0,20  14772   1 chrome
    349      24    16884      24796       6,63  16484   1 chrome
    470      34    35132      70636       0,36  16964   1 chrome
    143       7     1704       4872       0,08  13512   1 CompPkgSrv
    172      11     6988      15336       0,08  10188   1 conhost
    274      14     4364      17008       2,80  15160   1 conhost
    120       8     1596       2176       0,00  14384   1 crashpad_handler
    860      36     3136       3424               616   1 csrss
    669      23     2092       3020               888   0 csrss
    532      18     4780      13148       2,78   7628   1 ctfmon
    829      66   170068     148316      10,38    612   1 curseforge
    143      10     1336       1608       0,00  18060   1 deskpins
    215      18     4008       5824              8060   0 dllhost
    230      16     3976       7892       0,08  11096   1 dllhost
   1297      57   107372      65576              1816   1 dwm
   3147     113   210908     182620      31,53   7276   1 explorer
     50       6     1724       1628              1148   0 fontdrvhost
     50      15     8008      12376              1432   1 fontdrvhost
    644      24     9916      21132              5940   0 gamingservices
    136       6     1136       1528              5952   0 gamingservicesnet
     86       6      940       1400              4472   0 goodbyedpi
    551      28    79488      66052       0,41   6264   1 GoogleDriveFS
    300      18    14100      32004       0,03   9204   1 GoogleDriveFS
   1149      58    53984     101404       6,47  10292   1 GoogleDriveFS
    204      14    15568      10088       0,11  14124   1 GoogleDriveFS
    217      15    12768      25140       0,03  14212   1 GoogleDriveFS
    254      17    17932      32984       0,05  15956   1 GoogleDriveFS
    543      21    32808      67540       0,22  18424   1 GoogleDriveFS
    300      20     3668       5520       8,02  11316   1 hola
    828      64    57784      57980              5212   0 hola_svc
      0       0       60          8                 0   0 Idle
    140       8     1292       2144              5204   0 jhi_service
    397      18     3440       4888       0,23   6896   1 jucheck
    445      21     3784       5352       0,22  17628   1 jusched
    212      17    17896       4528       0,25  17572   1 Lightshot
    212      10     2948       4312              5420   0 LMS
   1700      29    10204      18364               948   0 lsass
      0       0      372      77348              2892   0 Memory Compression
    513      17    13116      19216              5176   0 MpDefenderCoreService
    179      11     7532       7200       0,03   4540   1 msedge
   1243      40    47572      75136       2,50   7536   1 msedge
    142       9     2084       3192       0,00   8012   1 msedge
    342      18    12756      24000       0,38  10688   1 msedge
    415      20    47496      21252       0,22  18576   1 msedge
    360      19    10772      21640       2,25   1332   1 msedgewebview2
    437      52   331568     242368      15,97   1860   1 msedgewebview2
    184      11     8932       5292       0,16   9660   1 msedgewebview2
    646      31   110484      34952       1,55  17744   1 msedgewebview2
   1266      44    48344      56400       7,53  18176   1 msedgewebview2
    155       9     2072       2456       0,03  18412   1 msedgewebview2
    260      15     7804       7388       1,41  19376   1 msedgewebview2
   1038     215   368536     296288              5140   0 MsMpEng
   1053      49    63640      39000       5,70  18132   1 ms-teams
   1384      53   115916      41388       3,69  18712   1 ms-teams
    848      48    80128      67240              8248   0 net_updater64
    213      12     6100       7996             11028   0 NisSrv
    452      22    24396      32344              2476   0 NVDisplay.Container
    612      30    39728      46028              2868   1 NVDisplay.Container
    771      27    38828      49256              5308   0 OfficeClickToRun
   1880     111   200408     160836     141,86  12356   1 Overwolf
    335      22    34288       4420       0,22  14536   1 OverwolfBrowser
    582      32    80596      21380       0,77  15456   1 OverwolfBrowser
    407      25    39360      16124       0,73  16036   1 OverwolfBrowser
    335      21    37156       6604       0,66  17256   1 OverwolfBrowser
    504      20     9020      10132      95,03  16724   1 OverwolfHelper
    474      16     8860      10196      61,47  17164   1 OverwolfHelper64
   1103     112    87384      84668       1,80   6720   1 PhoneExperienceHost
    770      36    82856     102260       1,67  15300   1 powershell
      0      19     9844      30888               148   0 Registry
    113       8     1500       1708       0,03  15816   1 RiotClientCrashHandler
    316      29   276232     291044      82,94  14140   1 RiotClientServices
    333      12     2884       5440              5156   0 RtkAudUService64
    244      10     1996       2692       0,03  12240   1 RtkAudUService64
    223      12     2704       3788       0,05   7176   1 RuntimeBroker
    236      13     3072       4460       0,06   7452   1 RuntimeBroker
    303      18     6732      20972       0,78   9668   1 RuntimeBroker
    558      27    12192      32436       2,22   9768   1 RuntimeBroker
    357      21     7540      18384       6,30  11652   1 RuntimeBroker
    129       8     1560       7956       0,03  16504   1 RuntimeBroker
    313      20     6344       8008              5228   0 RvControlSvc
    293     128    46888      50124     734,47  17152   1 SABER RGB
    611      25    13076       9188       1,39   5364   1 SDXHelper
    915      41    63464      36212       0,97   9252   1 SearchApp
   1474     128   208108     230328       9,91  10016   1 SearchApp
    914      78    38684      36188              6176   0 SearchIndexer
    404      17     5832       9824             12012   0 SecurityHealthService
    167       9     1896       4116       0,06  11976   1 SecurityHealthSystray
    776      14     6424       9168               924   0 services
    105       7     6040       7320             10128   0 SgrmBroker
    564      19     8084      20456       2,91   6000   1 sihost
    441      41   117344      40068       0,75   2952   1 Skype
    308      19    13548       9084       0,81   3820   1 Skype
   1327     140   291004     205024      34,45  12628   1 Skype
   1110      57    52640      62984      12,75  15688   1 Skype
    392      25    14248       7312       2,53  16608   1 Skype
    359      23    15744      16996       5,41  17216   1 Skype
     53       3     1104        540               592   0 smss
    440      21     5884       7772              4724   0 spoolsv
    147      10     2080       2756              5124   0 sqlwriter
    692      34    60876      65620       1,70   4020   1 StartMenuExperienceHost
   1025      93    66868      72948     150,27  11292   1 steam
    243      13     6964       8752             11644   0 steamservice
    268      17     9260       4696       0,02  11612   1 steamwebhelper
   1004      43    91056     141004      10,98  11712   1 steamwebhelper
    867      41   119948      80600     210,33  11892   1 steamwebhelper
    347      22    13496      16216       0,84  12444   1 steamwebhelper
    706      30   313740     324808     188,69  13712   1 steamwebhelper
    267      18    12180       9172       0,08  14296   1 steamwebhelper
    560      26    79144      81508       5,16  16812   1 steamwebhelper
   1677      26    12352      20660              1120   0 svchost
    395      17     6652      10124              1136   0 svchost
   1372      18     9508      13664              1252   0 svchost
    347      10     2888       4640              1312   0 svchost
    439      14    16460      16592              1580   0 svchost
    252      13     2700       5776              1604   0 svchost
    347       9     2116       5124              1612   0 svchost
    160      31     6476       7628              1692   0 svchost
    156      10     1828       2916              1720   0 svchost
    247      11     2716       4720              1768   0 svchost
    228      12     2512       4352              1924   0 svchost
    404      16     5128       9556              2012   0 svchost
    689      14     3900       7476              2076   0 svchost
    243      13     3356       6328              2108   0 svchost
    172       7     1544       2820              2128   0 svchost
    197      12     2680       6696              2180   0 svchost
    150      10     1728       2864              2264   0 svchost
    251      10     2904       6040              2308   0 svchost
    185      10     9516      14516              2456   0 svchost
    126       8     1508       2544              2536   0 svchost
    218      12     3088       7012              2716   0 svchost
    282       8     1372       2076              2776   0 svchost
    219      12     2872       6104              2788   0 svchost
    176       9     2008       4724              2796   0 svchost
    178      12     1916       3104              2920   0 svchost
    336      10     2820       5612              2972   0 svchost
    179      10     2048       3736              2980   0 svchost
    388      15    10008      14300              2988   0 svchost
    186       9     2060       4332              3120   0 svchost
    299      13     3812       5972              3172   0 svchost
    194      15     6584       4316              3720   0 svchost
    216      11     2320       3472              3756   0 svchost
    433      33    14220      18064              3804   0 svchost
    326      18     4564      12176              3812   0 svchost
    204      11     2368       4476              3936   0 svchost
    537      24     4684      11332              4000   0 svchost
    487      13     4208       9344              4264   0 svchost
    386      15     3044       6056              4492   0 svchost
    227      14     2684       6820              4500   0 svchost
    525      25     6636      11508              4640   0 svchost
    202      13     2708       4520              4664   0 svchost
    180      10     1980       3444              4916   0 svchost
    267      15     3832       8596              4976   0 svchost
    613      27    22372      35368              5040   0 svchost
    301      28     7392      12996              5048   0 svchost
    353      22    32572      34500              5056   0 svchost
    265      14     2788       3924              5068   0 svchost
    135       7     1316       1768              5076   0 svchost
    178      10     2044       4128              5084   0 svchost
    412      20     5188      16496              5092   0 svchost
    140       9     1600       2528              5100   0 svchost
    218      13     2612       2988              5288   0 svchost
    113       8     1400       2192              5496   0 svchost
    131       7     1344       2532              5788   0 svchost
    455      18    12380      23708       1,63   6052   1 svchost
    885      27    10828      22840       2,17   6160   1 svchost
    411      27     3976       7036              6216   0 svchost
    283      12     4292      15480              6440   0 svchost
    181       9     1812       2824              7308   0 svchost
    181      80     2136       7848              7380   0 svchost
    224      12     3184       6284              7700   0 svchost
    399      20     5316      12892              7736   0 svchost
    197      12     2356       4744              7776   0 svchost
    175      10     1936       3196              7880   0 svchost
    113       6     1128       2048              8168   0 svchost
    326      13     4972       8104              8184   0 svchost
    435      21     7836      26556       0,47   8404   1 svchost
    566      20     8380      14196              8836   0 svchost
    562      20     4912      11980             10096   0 svchost
    162      10     3452      11568             10400   0 svchost
    119       8     1296       6240             10404   0 svchost
    463      26     5812      11132       0,41  10428   1 svchost
    160      10     2088      12196             11672   0 svchost
    258      16     2856       5820             12748   0 svchost
    175       9     1712       7640             13244   0 svchost
    433      22     6432      10228             16772   0 svchost
   4879       0      200        944                 4   0 System
    321      16     4004       7116       1,14   8652   1 TabTip
    160      11     2292       9952       0,17   5172   1 taskhostw
    278      34     8080      11728       0,83   7064   1 taskhostw
   1329      54   526832     443380      20,56  17236   1 Telegram
    329      18     5044       4104       0,05  15232   1 TeraBoxWebService
    645      27    45724      27012       0,81  11776   1 TextInputHost
    146      10     2080       4660       0,08  11740   1 UserOOBEBroker
    560      34    50880       2896       0,20   5376   1 Video.UI
    438      22    14992      18916              8136   1 Wacom_Tablet
    197      10     1868       2084       0,06   5960   1 Wacom_TabletUser
    261      14     6932       7908       0,38   6972   1 Wacom_TouchUser
    221      12     2640       2528       0,03   6808   1 Wacom_UpdateUtil
    253      12     1952       2540              3772   1 WacomHost
    164      11     1456       1408              1016   0 wininit
    280      14     3896       3852              1364   1 winlogon
    203       9     1932       3560              5132   0 WTabletServicePro
    219       7     1440       2300              1184   0 WUDFHost


PS C:\Windows> get-process | sort-object "name"

Handles  NPM(K)    PM(K)      WS(K)     CPU(s)     Id  SI ProcessName
-------  ------    -----      -----     ------     --  -- -----------
    136       7     2112       3020              8756   0 AggregatorHost
    209      13    11636      16524      24,33   1956   0 audiodg
    828      51   238896     267968     217,06  12572   1 chrome
    629      32    64296      43448       0,20  13540   1 chrome
   1255     249   420396     383620      14,86  11812   1 chrome
    308      27    25916      42892       0,09  12428   1 chrome
    330      31    28556      52388       0,27  15096   1 chrome
    348      24    16920      24932       7,53  16484   1 chrome
    736      84    32696      54960      18,56  14360   1 chrome
    276      23    20208      29260       0,06  15036   1 chrome
    574     173   217212     268056      69,55   9220   1 chrome
   2008      86   115344     209368      71,38   4252   1 chrome
    650     259   318376     363988     164,22   5572   1 chrome
    336      37    45840      71620       2,30   2228   1 chrome
    445      52    65316     114668       0,89   3028   1 chrome
    248      20    18524      25560       0,63   8984   1 chrome
    293      14     5464       9864       0,08   9208   1 chrome
    233      19    15928      20664       0,05   5988   1 chrome
    264      21    19240      24916       0,75   8556   1 chrome
    143       7     1704       4872       0,08  13512   1 CompPkgSrv
    274      14     5328      17680       3,77  15160   1 conhost
    172      11     6988      15356       0,08  10188   1 conhost
    120       8     1596       2228       0,00  14384   1 crashpad_handler
    678      23     2092       3028               888   0 csrss
    865      36     3136       3428               616   1 csrss
    532      18     4780      13196       3,02   7628   1 ctfmon
    829      66   170068     148324      10,39    612   1 curseforge
    143      10     1336       1644       0,00  18060   1 deskpins
    230      16     3976       7892       0,08  11096   1 dllhost
    162       9     1952       9060             10192   0 dllhost
    215      18     4008       5824              8060   0 dllhost
   1307      57   103564      65256              1816   1 dwm
   3188     114   224688     186108      32,80   7276   1 explorer
     50      14     7280      11796              1432   1 fontdrvhost
     50       6     1724       1628              1148   0 fontdrvhost
    645      23     9856      21088              5940   0 gamingservices
    136       6     1136       1528              5952   0 gamingservicesnet
     86       6      940       1400              4472   0 goodbyedpi
    217      15    12768      25148       0,03  14212   1 GoogleDriveFS
    254      17    17932      32992       0,05  15956   1 GoogleDriveFS
    543      21    32808      67544       0,22  18424   1 GoogleDriveFS
    204      14    15568      10088       0,11  14124   1 GoogleDriveFS
    551      28    79484      66056       0,41   6264   1 GoogleDriveFS
    300      18    14100      32012       0,03   9204   1 GoogleDriveFS
   1155      58    54068     101488       7,00  10292   1 GoogleDriveFS
    300      20     3668       5596       8,03  11316   1 hola
    832      65    58816      58900              5212   0 hola_svc
      0       0       60          8                 0   0 Idle
    140       8     1292       2144              5204   0 jhi_service
    397      18     3440       4956       0,23   6896   1 jucheck
    445      21     3784       5352       0,22  17628   1 jusched
    212      17    17896       4600       0,25  17572   1 Lightshot
    212      10     2948       4312              5420   0 LMS
   1706      29    10288      18452               948   0 lsass
      0       0      372      77368              2892   0 Memory Compression
    510      18    13116      19296              5176   0 MpDefenderCoreService
    342      18    12776      24004       0,38  10688   1 msedge
    415      20    47496      21252       0,22  18576   1 msedge
    142       9     2084       3240       0,00   8012   1 msedge
    179      11     7524       7192       0,03   4540   1 msedge
   1243      40    47528      75148       2,52   7536   1 msedge
   1265      44    48288      55452       7,56  18176   1 msedgewebview2
    155       9     2072       2504       0,03  18412   1 msedgewebview2
    260      15     7804       7388       1,41  19376   1 msedgewebview2
    646      31   110484      34992       1,55  17744   1 msedgewebview2
    355      19    10740      21624       2,25   1332   1 msedgewebview2
    437      52   331596     242408      15,98   1860   1 msedgewebview2
    184      11     8932       5292       0,16   9660   1 msedgewebview2
   1053     215   368380     295700              5140   0 MsMpEng
   1384      53   115916      41456       3,70  18712   1 ms-teams
   1053      49    63640      39284       5,73  18132   1 ms-teams
    849      49    80136      67240              8248   0 net_updater64
    213      12     6100       7976             11028   0 NisSrv
    612      30    39728      46048              2868   1 NVDisplay.Container
    452      22    24396      32344              2476   0 NVDisplay.Container
    771      27    38824      49252              5308   0 OfficeClickToRun
   1893     111   200452     161048     143,00  12356   1 Overwolf
    407      25    39360      16124       0,73  16036   1 OverwolfBrowser
    335      21    37156       6604       0,66  17256   1 OverwolfBrowser
    335      22    34288       4472       0,22  14536   1 OverwolfBrowser
    582      32    80596      21380       0,77  15456   1 OverwolfBrowser
    504      20     9020      10204      96,66  16724   1 OverwolfHelper
    474      16     8860      10204      62,05  17164   1 OverwolfHelper64
   1103     112    87384      84700       1,80   6720   1 PhoneExperienceHost
    717      36    69092      88912       2,08  15300   1 powershell
      0      19     9904      31040               148   0 Registry
    113       8     1500       1768       0,03  15816   1 RiotClientCrashHandler
    316      29   276232     291064      82,94  14140   1 RiotClientServices
    244      10     1996       2716       0,03  12240   1 RtkAudUService64
    333      12     2884       5440              5156   0 RtkAudUService64
    562      27    12224      32496       2,22   9768   1 RuntimeBroker
    357      21     7540      18392       6,30  11652   1 RuntimeBroker
    129       8     1560       7956       0,03  16504   1 RuntimeBroker
    223      12     2704       3788       0,05   7176   1 RuntimeBroker
    236      13     3072       4460       0,06   7452   1 RuntimeBroker
    303      18     6732      20972       0,78   9668   1 RuntimeBroker
    313      20     6344       8008              5228   0 RvControlSvc
    293     128    46924      50540     741,83  17152   1 SABER RGB
    611      25    13080       9284       1,39   5364   1 SDXHelper
   1474     128   208108     230328       9,91  10016   1 SearchApp
    920      41    63548      37952       1,05   9252   1 SearchApp
    914      78    38684      36188              6176   0 SearchIndexer
    404      17     5832       9824             12012   0 SecurityHealthService
    167       9     1896       4136       0,06  11976   1 SecurityHealthSystray
    777      14     6484       9176               924   0 services
    105       7     5940       7256             10128   0 SgrmBroker
    573      19     8092      20488       2,97   6000   1 sihost
   1108      57    52640      63124      13,00  15688   1 Skype
    392      25    14248       7388       2,53  16608   1 Skype
    355      23    15604      16944       5,42  17216   1 Skype
    441      41   117344      40088       0,75   2952   1 Skype
    308      19    13548       9084       0,81   3820   1 Skype
   1327     140   291036     205604      34,48  12628   1 Skype
     53       3     1104        540               592   0 smss
    440      21     5884       7772              4724   0 spoolsv
    147      10     2080       2756              5124   0 sqlwriter
    692      34    60856      67444       1,70   4020   1 StartMenuExperienceHost
   1027      93    67036      73196     152,14  11292   1 steam
    243      13     6964       8752             11644   0 steamservice
    709      30   312660     324052     188,80  13712   1 steamwebhelper
    267      18    12180       9172       0,08  14296   1 steamwebhelper
    560      26    78308      79728       5,33  16812   1 steamwebhelper
    347      22    13496      16216       0,84  12444   1 steamwebhelper
    268      17     9260       4748       0,02  11612   1 steamwebhelper
   1004      43    91184     141248      11,25  11712   1 steamwebhelper
    869      41   108104      79104     210,44  11892   1 steamwebhelper
    140       9     1600       2528              5100   0 svchost
    218      13     2612       2988              5288   0 svchost
    178      10     2044       4128              5084   0 svchost
    415      20     5176      16448              5092   0 svchost
    113       7     1348       2180              5496   0 svchost
    918      27    10800      22852       2,30   6160   1 svchost
    411      27     3960       7020              6216   0 svchost
    131       7     1344       2532              5788   0 svchost
    470      20    12564      23844       1,84   6052   1 svchost
    135       7     1316       1768              5076   0 svchost
    202      13     2708       4520              4664   0 svchost
    180      10     1980       3444              4916   0 svchost
    227      14     2684       6820              4500   0 svchost
    525      25     6748      11620              4640   0 svchost
    269      15     3888       8616              4976   0 svchost
    353      22    33160      35092              5056   0 svchost
    265      14     2788       3924              5068   0 svchost
    613      27    22372      35368              5040   0 svchost
    401      28     7580      13112              5048   0 svchost
    156      10     3304      11576             10400   0 svchost
    119       8     1296       6240             10404   0 svchost
    566      20     8380      14196              8836   0 svchost
    555      19     4804      11924             10096   0 svchost
    463      26     5812      11132       0,41  10428   1 svchost
    175       9     1712       7656             13244   0 svchost
    433      22     6432      10228             16772   0 svchost
    148       9     1848      12100             11672   0 svchost
    258      16     2856       5820             12748   0 svchost
    466      22    12708      32212       0,64   8404   1 svchost
    181      80     2136       7848              7380   0 svchost
    224      12     3184       6288              7700   0 svchost
    285      12     4292      11640              6440   0 svchost
    181       9     1812       2824              7308   0 svchost
    399      20     5316      12884              7736   0 svchost
    113       6     1128       2048              8168   0 svchost
    326      13     4972       8104              8184   0 svchost
    197      12     2356       4744              7776   0 svchost
    175      10     1936       3196              7880   0 svchost
    690      14     3900       7480              2076   0 svchost
    243      13     3356       6328              2108   0 svchost
    228      12     2512       4352              1924   0 svchost
    404      16     5128       9556              2012   0 svchost
    172       7     1544       2820              2128   0 svchost
    254      10     2904       6052              2308   0 svchost
    181      10     9356      14352              2456   0 svchost
    193      12     2568       6664              2180   0 svchost
    150      10     1728       2864              2264   0 svchost
    234      10     2528       4656              1768   0 svchost
   1382      18     9508      13632              1252   0 svchost
    348      10     2888       4640              1312   0 svchost
   1676      26    12512      20704              1120   0 svchost
    412      18     6896      10228              1136   0 svchost
    439      14    16460      16592              1580   0 svchost
    162      31     6532       7644              1692   0 svchost
    156      10     1828       2916              1720   0 svchost
    252      13     2700       5776              1604   0 svchost
    350      10     2284       5156              1612   0 svchost
    216      11     2320       3480              3756   0 svchost
    431      33    14224      18060              3804   0 svchost
    299      13     3812       5964              3172   0 svchost
    194      15     6528       4304              3720   0 svchost
    326      18     4552      12164              3812   0 svchost
    482      13     3980       9272              4264   0 svchost
    386      15     3044       6056              4492   0 svchost
    208      12     2460       4492              3936   0 svchost
    537      24     4684      11332              4000   0 svchost
    188      10     2152       4364              3120   0 svchost
    282       8     1372       2076              2776   0 svchost
    217      12     2880       6140              2788   0 svchost
    126       8     1508       2544              2536   0 svchost
    218      12     3140       7016              2716   0 svchost
    176       9     2008       4724              2796   0 svchost
    179      10     2060       3904              2980   0 svchost
    391      15    10008      14296              2988   0 svchost
    178      12     1916       3104              2920   0 svchost
    336      10     2820       5612              2972   0 svchost
   4907       0      200        952                 4   0 System
    321      16     4004       7364       1,22   8652   1 TabTip
    149       8     1744       7772             10348   0 taskhostw
    278      31     7568      11260       0,84   7064   1 taskhostw
    349      16     5608      17476       0,20   5172   1 taskhostw
   1352      54   498084     415760      24,16  17236   1 Telegram
    329      18     5044       4180       0,05  15232   1 TeraBoxWebService
    639      27    45728      29084       0,84  11776   1 TextInputHost
    142      10     2020       4628       0,08  11740   1 UserOOBEBroker
    560      34    50880       2896       0,20   5376   1 Video.UI
    438      22    14992      18992              8136   1 Wacom_Tablet
    197      10     1868       2148       0,06   5960   1 Wacom_TabletUser
    261      14     6932       8004       0,38   6972   1 Wacom_TouchUser
    221      12     2640       2596       0,03   6808   1 Wacom_UpdateUtil
    253      12     1952       2540              3772   1 WacomHost
    164      11     1456       1408              1016   0 wininit
    280      13     3820       3836              1364   1 winlogon
    203       9     1928       3556              5132   0 WTabletServicePro
    219       7     1440       2300              1184   0 WUDFHost


PS C:\Windows> get-process | sort-object "TotalProcessorTime"
sort-object : Исключение при чтении "TotalProcessorTime" : "Отказано в доступе"
строка:1 знак:15
+ get-process | sort-object "TotalProcessorTime"
+               ~~~~~~~~~~~~~~~~~~~~~~~~~~~~~~~~
    + CategoryInfo          : InvalidResult: (System.Diagnost...AggregatorHost):PSObject) [Sort-Object], GetValueInvocationException
    + FullyQualifiedErrorId : ExpressionEvaluation,Microsoft.PowerShell.Commands.SortObjectCommand

sort-object : Исключение при чтении "TotalProcessorTime" : "Отказано в доступе"
строка:1 знак:15
+ get-process | sort-object "TotalProcessorTime"
+               ~~~~~~~~~~~~~~~~~~~~~~~~~~~~~~~~
    + CategoryInfo          : InvalidResult: (System.Diagnostics.Process (csrss):PSObject) [Sort-Object], GetValueInvocationExceptio
   n
    + FullyQualifiedErrorId : ExpressionEvaluation,Microsoft.PowerShell.Commands.SortObjectCommand

sort-object : Исключение при чтении "TotalProcessorTime" : "Отказано в доступе"
строка:1 знак:15
+ get-process | sort-object "TotalProcessorTime"
+               ~~~~~~~~~~~~~~~~~~~~~~~~~~~~~~~~
    + CategoryInfo          : InvalidResult: (System.Diagnostics.Process (csrss):PSObject) [Sort-Object], GetValueInvocationExceptio
   n
    + FullyQualifiedErrorId : ExpressionEvaluation,Microsoft.PowerShell.Commands.SortObjectCommand

sort-object : Исключение при чтении "TotalProcessorTime" : "Отказано в доступе"
строка:1 знак:15
+ get-process | sort-object "TotalProcessorTime"
+               ~~~~~~~~~~~~~~~~~~~~~~~~~~~~~~~~
    + CategoryInfo          : InvalidResult: (System.Diagnostics.Process (dllhost):PSObject) [Sort-Object], GetValueInvocationExcept
   ion
    + FullyQualifiedErrorId : ExpressionEvaluation,Microsoft.PowerShell.Commands.SortObjectCommand

sort-object : Исключение при чтении "TotalProcessorTime" : "Отказано в доступе"
строка:1 знак:15
+ get-process | sort-object "TotalProcessorTime"
+               ~~~~~~~~~~~~~~~~~~~~~~~~~~~~~~~~
    + CategoryInfo          : InvalidResult: (System.Diagnostics.Process (dwm):PSObject) [Sort-Object], GetValueInvocationException
    + FullyQualifiedErrorId : ExpressionEvaluation,Microsoft.PowerShell.Commands.SortObjectCommand

sort-object : Исключение при чтении "TotalProcessorTime" : "Отказано в доступе"
строка:1 знак:15
+ get-process | sort-object "TotalProcessorTime"
+               ~~~~~~~~~~~~~~~~~~~~~~~~~~~~~~~~
    + CategoryInfo          : InvalidResult: (System.Diagnostics.Process (fontdrvhost):PSObject) [Sort-Object], GetValueInvocationEx
   ception
    + FullyQualifiedErrorId : ExpressionEvaluation,Microsoft.PowerShell.Commands.SortObjectCommand

sort-object : Исключение при чтении "TotalProcessorTime" : "Отказано в доступе"
строка:1 знак:15
+ get-process | sort-object "TotalProcessorTime"
+               ~~~~~~~~~~~~~~~~~~~~~~~~~~~~~~~~
    + CategoryInfo          : InvalidResult: (System.Diagnostics.Process (fontdrvhost):PSObject) [Sort-Object], GetValueInvocationEx
   ception
    + FullyQualifiedErrorId : ExpressionEvaluation,Microsoft.PowerShell.Commands.SortObjectCommand

sort-object : Исключение при чтении "TotalProcessorTime" : "Отказано в доступе"
строка:1 знак:15
+ get-process | sort-object "TotalProcessorTime"
+               ~~~~~~~~~~~~~~~~~~~~~~~~~~~~~~~~
    + CategoryInfo          : InvalidResult: (System.Diagnost...gamingservices):PSObject) [Sort-Object], GetValueInvocationException
    + FullyQualifiedErrorId : ExpressionEvaluation,Microsoft.PowerShell.Commands.SortObjectCommand

sort-object : Исключение при чтении "TotalProcessorTime" : "Отказано в доступе"
строка:1 знак:15
+ get-process | sort-object "TotalProcessorTime"
+               ~~~~~~~~~~~~~~~~~~~~~~~~~~~~~~~~
    + CategoryInfo          : InvalidResult: (System.Diagnost...ingservicesnet):PSObject) [Sort-Object], GetValueInvocationException
    + FullyQualifiedErrorId : ExpressionEvaluation,Microsoft.PowerShell.Commands.SortObjectCommand

sort-object : Исключение при чтении "TotalProcessorTime" : "Отказано в доступе"
строка:1 знак:15
+ get-process | sort-object "TotalProcessorTime"
+               ~~~~~~~~~~~~~~~~~~~~~~~~~~~~~~~~
    + CategoryInfo          : InvalidResult: (System.Diagnostics.Process (goodbyedpi):PSObject) [Sort-Object], GetValueInvocationExc
   eption
    + FullyQualifiedErrorId : ExpressionEvaluation,Microsoft.PowerShell.Commands.SortObjectCommand

sort-object : Исключение при чтении "TotalProcessorTime" : "Отказано в доступе"
строка:1 знак:15
+ get-process | sort-object "TotalProcessorTime"
+               ~~~~~~~~~~~~~~~~~~~~~~~~~~~~~~~~
    + CategoryInfo          : InvalidResult: (System.Diagnostics.Process (hola_svc):PSObject) [Sort-Object], GetValueInvocationExcep
   tion
    + FullyQualifiedErrorId : ExpressionEvaluation,Microsoft.PowerShell.Commands.SortObjectCommand

sort-object : Исключение при чтении "TotalProcessorTime" : "Отказано в доступе"
строка:1 знак:15
+ get-process | sort-object "TotalProcessorTime"
+               ~~~~~~~~~~~~~~~~~~~~~~~~~~~~~~~~
    + CategoryInfo          : InvalidResult: (System.Diagnostics.Process (Idle):PSObject) [Sort-Object], GetValueInvocationException
    + FullyQualifiedErrorId : ExpressionEvaluation,Microsoft.PowerShell.Commands.SortObjectCommand

sort-object : Исключение при чтении "TotalProcessorTime" : "Отказано в доступе"
строка:1 знак:15
+ get-process | sort-object "TotalProcessorTime"
+               ~~~~~~~~~~~~~~~~~~~~~~~~~~~~~~~~
    + CategoryInfo          : InvalidResult: (System.Diagnostics.Process (jhi_service):PSObject) [Sort-Object], GetValueInvocationEx
   ception
    + FullyQualifiedErrorId : ExpressionEvaluation,Microsoft.PowerShell.Commands.SortObjectCommand

sort-object : Исключение при чтении "TotalProcessorTime" : "Отказано в доступе"
строка:1 знак:15
+ get-process | sort-object "TotalProcessorTime"
+               ~~~~~~~~~~~~~~~~~~~~~~~~~~~~~~~~
    + CategoryInfo          : InvalidResult: (System.Diagnostics.Process (LMS):PSObject) [Sort-Object], GetValueInvocationException
    + FullyQualifiedErrorId : ExpressionEvaluation,Microsoft.PowerShell.Commands.SortObjectCommand

sort-object : Исключение при чтении "TotalProcessorTime" : "Отказано в доступе"
строка:1 знак:15
+ get-process | sort-object "TotalProcessorTime"
+               ~~~~~~~~~~~~~~~~~~~~~~~~~~~~~~~~
    + CategoryInfo          : InvalidResult: (System.Diagnostics.Process (lsass):PSObject) [Sort-Object], GetValueInvocationExceptio
   n
    + FullyQualifiedErrorId : ExpressionEvaluation,Microsoft.PowerShell.Commands.SortObjectCommand

sort-object : Исключение при чтении "TotalProcessorTime" : "Отказано в доступе"
строка:1 знак:15
+ get-process | sort-object "TotalProcessorTime"
+               ~~~~~~~~~~~~~~~~~~~~~~~~~~~~~~~~
    + CategoryInfo          : InvalidResult: (System.Diagnost...ry Compression):PSObject) [Sort-Object], GetValueInvocationException
    + FullyQualifiedErrorId : ExpressionEvaluation,Microsoft.PowerShell.Commands.SortObjectCommand

sort-object : Исключение при чтении "TotalProcessorTime" : "Отказано в доступе"
строка:1 знак:15
+ get-process | sort-object "TotalProcessorTime"
+               ~~~~~~~~~~~~~~~~~~~~~~~~~~~~~~~~
    + CategoryInfo          : InvalidResult: (System.Diagnost...derCoreService):PSObject) [Sort-Object], GetValueInvocationException
    + FullyQualifiedErrorId : ExpressionEvaluation,Microsoft.PowerShell.Commands.SortObjectCommand

sort-object : Исключение при чтении "TotalProcessorTime" : "Отказано в доступе"
строка:1 знак:15
+ get-process | sort-object "TotalProcessorTime"
+               ~~~~~~~~~~~~~~~~~~~~~~~~~~~~~~~~
    + CategoryInfo          : InvalidResult: (System.Diagnostics.Process (MsMpEng):PSObject) [Sort-Object], GetValueInvocationExcept
   ion
    + FullyQualifiedErrorId : ExpressionEvaluation,Microsoft.PowerShell.Commands.SortObjectCommand

sort-object : Исключение при чтении "TotalProcessorTime" : "Отказано в доступе"
строка:1 знак:15
+ get-process | sort-object "TotalProcessorTime"
+               ~~~~~~~~~~~~~~~~~~~~~~~~~~~~~~~~
    + CategoryInfo          : InvalidResult: (System.Diagnost...(net_updater64):PSObject) [Sort-Object], GetValueInvocationException
    + FullyQualifiedErrorId : ExpressionEvaluation,Microsoft.PowerShell.Commands.SortObjectCommand

sort-object : Исключение при чтении "TotalProcessorTime" : "Отказано в доступе"
строка:1 знак:15
+ get-process | sort-object "TotalProcessorTime"
+               ~~~~~~~~~~~~~~~~~~~~~~~~~~~~~~~~
    + CategoryInfo          : InvalidResult: (System.Diagnostics.Process (NisSrv):PSObject) [Sort-Object], GetValueInvocationExcepti
   on
    + FullyQualifiedErrorId : ExpressionEvaluation,Microsoft.PowerShell.Commands.SortObjectCommand

sort-object : Исключение при чтении "TotalProcessorTime" : "Отказано в доступе"
строка:1 знак:15
+ get-process | sort-object "TotalProcessorTime"
+               ~~~~~~~~~~~~~~~~~~~~~~~~~~~~~~~~
    + CategoryInfo          : InvalidResult: (System.Diagnost...play.Container):PSObject) [Sort-Object], GetValueInvocationException
    + FullyQualifiedErrorId : ExpressionEvaluation,Microsoft.PowerShell.Commands.SortObjectCommand

sort-object : Исключение при чтении "TotalProcessorTime" : "Отказано в доступе"
строка:1 знак:15
+ get-process | sort-object "TotalProcessorTime"
+               ~~~~~~~~~~~~~~~~~~~~~~~~~~~~~~~~
    + CategoryInfo          : InvalidResult: (System.Diagnost...play.Container):PSObject) [Sort-Object], GetValueInvocationException
    + FullyQualifiedErrorId : ExpressionEvaluation,Microsoft.PowerShell.Commands.SortObjectCommand

sort-object : Исключение при чтении "TotalProcessorTime" : "Отказано в доступе"
строка:1 знак:15
+ get-process | sort-object "TotalProcessorTime"
+               ~~~~~~~~~~~~~~~~~~~~~~~~~~~~~~~~
    + CategoryInfo          : InvalidResult: (System.Diagnost...ficeClickToRun):PSObject) [Sort-Object], GetValueInvocationException
    + FullyQualifiedErrorId : ExpressionEvaluation,Microsoft.PowerShell.Commands.SortObjectCommand

sort-object : Исключение при чтении "TotalProcessorTime" : "Отказано в доступе"
строка:1 знак:15
+ get-process | sort-object "TotalProcessorTime"
+               ~~~~~~~~~~~~~~~~~~~~~~~~~~~~~~~~
    + CategoryInfo          : InvalidResult: (System.Diagnostics.Process (Registry):PSObject) [Sort-Object], GetValueInvocationExcep
   tion
    + FullyQualifiedErrorId : ExpressionEvaluation,Microsoft.PowerShell.Commands.SortObjectCommand

sort-object : Исключение при чтении "TotalProcessorTime" : "Отказано в доступе"
строка:1 знак:15
+ get-process | sort-object "TotalProcessorTime"
+               ~~~~~~~~~~~~~~~~~~~~~~~~~~~~~~~~
    + CategoryInfo          : InvalidResult: (System.Diagnost...kAudUService64):PSObject) [Sort-Object], GetValueInvocationException
    + FullyQualifiedErrorId : ExpressionEvaluation,Microsoft.PowerShell.Commands.SortObjectCommand

sort-object : Исключение при чтении "TotalProcessorTime" : "Отказано в доступе"
строка:1 знак:15
+ get-process | sort-object "TotalProcessorTime"
+               ~~~~~~~~~~~~~~~~~~~~~~~~~~~~~~~~
    + CategoryInfo          : InvalidResult: (System.Diagnost... (RvControlSvc):PSObject) [Sort-Object], GetValueInvocationException
    + FullyQualifiedErrorId : ExpressionEvaluation,Microsoft.PowerShell.Commands.SortObjectCommand

sort-object : Исключение при чтении "TotalProcessorTime" : "Отказано в доступе"
строка:1 знак:15
+ get-process | sort-object "TotalProcessorTime"
+               ~~~~~~~~~~~~~~~~~~~~~~~~~~~~~~~~
    + CategoryInfo          : InvalidResult: (System.Diagnost...(SearchIndexer):PSObject) [Sort-Object], GetValueInvocationException
    + FullyQualifiedErrorId : ExpressionEvaluation,Microsoft.PowerShell.Commands.SortObjectCommand

sort-object : Исключение при чтении "TotalProcessorTime" : "Отказано в доступе"
строка:1 знак:15
+ get-process | sort-object "TotalProcessorTime"
+               ~~~~~~~~~~~~~~~~~~~~~~~~~~~~~~~~
    + CategoryInfo          : InvalidResult: (System.Diagnost...yHealthService):PSObject) [Sort-Object], GetValueInvocationException
    + FullyQualifiedErrorId : ExpressionEvaluation,Microsoft.PowerShell.Commands.SortObjectCommand

sort-object : Исключение при чтении "TotalProcessorTime" : "Отказано в доступе"
строка:1 знак:15
+ get-process | sort-object "TotalProcessorTime"
+               ~~~~~~~~~~~~~~~~~~~~~~~~~~~~~~~~
    + CategoryInfo          : InvalidResult: (System.Diagnostics.Process (services):PSObject) [Sort-Object], GetValueInvocationExcep
   tion
    + FullyQualifiedErrorId : ExpressionEvaluation,Microsoft.PowerShell.Commands.SortObjectCommand

sort-object : Исключение при чтении "TotalProcessorTime" : "Отказано в доступе"
строка:1 знак:15
+ get-process | sort-object "TotalProcessorTime"
+               ~~~~~~~~~~~~~~~~~~~~~~~~~~~~~~~~
    + CategoryInfo          : InvalidResult: (System.Diagnostics.Process (SgrmBroker):PSObject) [Sort-Object], GetValueInvocationExc
   eption
    + FullyQualifiedErrorId : ExpressionEvaluation,Microsoft.PowerShell.Commands.SortObjectCommand

sort-object : Исключение при чтении "TotalProcessorTime" : "Отказано в доступе"
строка:1 знак:15
+ get-process | sort-object "TotalProcessorTime"
+               ~~~~~~~~~~~~~~~~~~~~~~~~~~~~~~~~
    + CategoryInfo          : InvalidResult: (System.Diagnostics.Process (smss):PSObject) [Sort-Object], GetValueInvocationException
    + FullyQualifiedErrorId : ExpressionEvaluation,Microsoft.PowerShell.Commands.SortObjectCommand

sort-object : Исключение при чтении "TotalProcessorTime" : "Отказано в доступе"
строка:1 знак:15
+ get-process | sort-object "TotalProcessorTime"
+               ~~~~~~~~~~~~~~~~~~~~~~~~~~~~~~~~
    + CategoryInfo          : InvalidResult: (System.Diagnostics.Process (spoolsv):PSObject) [Sort-Object], GetValueInvocationExcept
   ion
    + FullyQualifiedErrorId : ExpressionEvaluation,Microsoft.PowerShell.Commands.SortObjectCommand

sort-object : Исключение при чтении "TotalProcessorTime" : "Отказано в доступе"
строка:1 знак:15
+ get-process | sort-object "TotalProcessorTime"
+               ~~~~~~~~~~~~~~~~~~~~~~~~~~~~~~~~
    + CategoryInfo          : InvalidResult: (System.Diagnostics.Process (sqlwriter):PSObject) [Sort-Object], GetValueInvocationExce
   ption
    + FullyQualifiedErrorId : ExpressionEvaluation,Microsoft.PowerShell.Commands.SortObjectCommand

sort-object : Исключение при чтении "TotalProcessorTime" : "Отказано в доступе"
строка:1 знак:15
+ get-process | sort-object "TotalProcessorTime"
+               ~~~~~~~~~~~~~~~~~~~~~~~~~~~~~~~~
    + CategoryInfo          : InvalidResult: (System.Diagnost... (steamservice):PSObject) [Sort-Object], GetValueInvocationException
    + FullyQualifiedErrorId : ExpressionEvaluation,Microsoft.PowerShell.Commands.SortObjectCommand

sort-object : Исключение при чтении "TotalProcessorTime" : "Отказано в доступе"
строка:1 знак:15
+ get-process | sort-object "TotalProcessorTime"
+               ~~~~~~~~~~~~~~~~~~~~~~~~~~~~~~~~
    + CategoryInfo          : InvalidResult: (System.Diagnostics.Process (svchost):PSObject) [Sort-Object], GetValueInvocationExcept
   ion
    + FullyQualifiedErrorId : ExpressionEvaluation,Microsoft.PowerShell.Commands.SortObjectCommand

sort-object : Исключение при чтении "TotalProcessorTime" : "Отказано в доступе"
строка:1 знак:15
+ get-process | sort-object "TotalProcessorTime"
+               ~~~~~~~~~~~~~~~~~~~~~~~~~~~~~~~~
    + CategoryInfo          : InvalidResult: (System.Diagnostics.Process (svchost):PSObject) [Sort-Object], GetValueInvocationExcept
   ion
    + FullyQualifiedErrorId : ExpressionEvaluation,Microsoft.PowerShell.Commands.SortObjectCommand

sort-object : Исключение при чтении "TotalProcessorTime" : "Отказано в доступе"
строка:1 знак:15
+ get-process | sort-object "TotalProcessorTime"
+               ~~~~~~~~~~~~~~~~~~~~~~~~~~~~~~~~
    + CategoryInfo          : InvalidResult: (System.Diagnostics.Process (svchost):PSObject) [Sort-Object], GetValueInvocationExcept
   ion
    + FullyQualifiedErrorId : ExpressionEvaluation,Microsoft.PowerShell.Commands.SortObjectCommand

sort-object : Исключение при чтении "TotalProcessorTime" : "Отказано в доступе"
строка:1 знак:15
+ get-process | sort-object "TotalProcessorTime"
+               ~~~~~~~~~~~~~~~~~~~~~~~~~~~~~~~~
    + CategoryInfo          : InvalidResult: (System.Diagnostics.Process (svchost):PSObject) [Sort-Object], GetValueInvocationExcept
   ion
    + FullyQualifiedErrorId : ExpressionEvaluation,Microsoft.PowerShell.Commands.SortObjectCommand

sort-object : Исключение при чтении "TotalProcessorTime" : "Отказано в доступе"
строка:1 знак:15
+ get-process | sort-object "TotalProcessorTime"
+               ~~~~~~~~~~~~~~~~~~~~~~~~~~~~~~~~
    + CategoryInfo          : InvalidResult: (System.Diagnostics.Process (svchost):PSObject) [Sort-Object], GetValueInvocationExcept
   ion
    + FullyQualifiedErrorId : ExpressionEvaluation,Microsoft.PowerShell.Commands.SortObjectCommand

sort-object : Исключение при чтении "TotalProcessorTime" : "Отказано в доступе"
строка:1 знак:15
+ get-process | sort-object "TotalProcessorTime"
+               ~~~~~~~~~~~~~~~~~~~~~~~~~~~~~~~~
    + CategoryInfo          : InvalidResult: (System.Diagnostics.Process (svchost):PSObject) [Sort-Object], GetValueInvocationExcept
   ion
    + FullyQualifiedErrorId : ExpressionEvaluation,Microsoft.PowerShell.Commands.SortObjectCommand

sort-object : Исключение при чтении "TotalProcessorTime" : "Отказано в доступе"
строка:1 знак:15
+ get-process | sort-object "TotalProcessorTime"
+               ~~~~~~~~~~~~~~~~~~~~~~~~~~~~~~~~
    + CategoryInfo          : InvalidResult: (System.Diagnostics.Process (svchost):PSObject) [Sort-Object], GetValueInvocationExcept
   ion
    + FullyQualifiedErrorId : ExpressionEvaluation,Microsoft.PowerShell.Commands.SortObjectCommand

sort-object : Исключение при чтении "TotalProcessorTime" : "Отказано в доступе"
строка:1 знак:15
+ get-process | sort-object "TotalProcessorTime"
+               ~~~~~~~~~~~~~~~~~~~~~~~~~~~~~~~~
    + CategoryInfo          : InvalidResult: (System.Diagnostics.Process (svchost):PSObject) [Sort-Object], GetValueInvocationExcept
   ion
    + FullyQualifiedErrorId : ExpressionEvaluation,Microsoft.PowerShell.Commands.SortObjectCommand

sort-object : Исключение при чтении "TotalProcessorTime" : "Отказано в доступе"
строка:1 знак:15
+ get-process | sort-object "TotalProcessorTime"
+               ~~~~~~~~~~~~~~~~~~~~~~~~~~~~~~~~
    + CategoryInfo          : InvalidResult: (System.Diagnostics.Process (svchost):PSObject) [Sort-Object], GetValueInvocationExcept
   ion
    + FullyQualifiedErrorId : ExpressionEvaluation,Microsoft.PowerShell.Commands.SortObjectCommand

sort-object : Исключение при чтении "TotalProcessorTime" : "Отказано в доступе"
строка:1 знак:15
+ get-process | sort-object "TotalProcessorTime"
+               ~~~~~~~~~~~~~~~~~~~~~~~~~~~~~~~~
    + CategoryInfo          : InvalidResult: (System.Diagnostics.Process (svchost):PSObject) [Sort-Object], GetValueInvocationExcept
   ion
    + FullyQualifiedErrorId : ExpressionEvaluation,Microsoft.PowerShell.Commands.SortObjectCommand

sort-object : Исключение при чтении "TotalProcessorTime" : "Отказано в доступе"
строка:1 знак:15
+ get-process | sort-object "TotalProcessorTime"
+               ~~~~~~~~~~~~~~~~~~~~~~~~~~~~~~~~
    + CategoryInfo          : InvalidResult: (System.Diagnostics.Process (svchost):PSObject) [Sort-Object], GetValueInvocationExcept
   ion
    + FullyQualifiedErrorId : ExpressionEvaluation,Microsoft.PowerShell.Commands.SortObjectCommand

sort-object : Исключение при чтении "TotalProcessorTime" : "Отказано в доступе"
строка:1 знак:15
+ get-process | sort-object "TotalProcessorTime"
+               ~~~~~~~~~~~~~~~~~~~~~~~~~~~~~~~~
    + CategoryInfo          : InvalidResult: (System.Diagnostics.Process (svchost):PSObject) [Sort-Object], GetValueInvocationExcept
   ion
    + FullyQualifiedErrorId : ExpressionEvaluation,Microsoft.PowerShell.Commands.SortObjectCommand

sort-object : Исключение при чтении "TotalProcessorTime" : "Отказано в доступе"
строка:1 знак:15
+ get-process | sort-object "TotalProcessorTime"
+               ~~~~~~~~~~~~~~~~~~~~~~~~~~~~~~~~
    + CategoryInfo          : InvalidResult: (System.Diagnostics.Process (svchost):PSObject) [Sort-Object], GetValueInvocationExcept
   ion
    + FullyQualifiedErrorId : ExpressionEvaluation,Microsoft.PowerShell.Commands.SortObjectCommand

sort-object : Исключение при чтении "TotalProcessorTime" : "Отказано в доступе"
строка:1 знак:15
+ get-process | sort-object "TotalProcessorTime"
+               ~~~~~~~~~~~~~~~~~~~~~~~~~~~~~~~~
    + CategoryInfo          : InvalidResult: (System.Diagnostics.Process (svchost):PSObject) [Sort-Object], GetValueInvocationExcept
   ion
    + FullyQualifiedErrorId : ExpressionEvaluation,Microsoft.PowerShell.Commands.SortObjectCommand

sort-object : Исключение при чтении "TotalProcessorTime" : "Отказано в доступе"
строка:1 знак:15
+ get-process | sort-object "TotalProcessorTime"
+               ~~~~~~~~~~~~~~~~~~~~~~~~~~~~~~~~
    + CategoryInfo          : InvalidResult: (System.Diagnostics.Process (svchost):PSObject) [Sort-Object], GetValueInvocationExcept
   ion
    + FullyQualifiedErrorId : ExpressionEvaluation,Microsoft.PowerShell.Commands.SortObjectCommand

sort-object : Исключение при чтении "TotalProcessorTime" : "Отказано в доступе"
строка:1 знак:15
+ get-process | sort-object "TotalProcessorTime"
+               ~~~~~~~~~~~~~~~~~~~~~~~~~~~~~~~~
    + CategoryInfo          : InvalidResult: (System.Diagnostics.Process (svchost):PSObject) [Sort-Object], GetValueInvocationExcept
   ion
    + FullyQualifiedErrorId : ExpressionEvaluation,Microsoft.PowerShell.Commands.SortObjectCommand

sort-object : Исключение при чтении "TotalProcessorTime" : "Отказано в доступе"
строка:1 знак:15
+ get-process | sort-object "TotalProcessorTime"
+               ~~~~~~~~~~~~~~~~~~~~~~~~~~~~~~~~
    + CategoryInfo          : InvalidResult: (System.Diagnostics.Process (svchost):PSObject) [Sort-Object], GetValueInvocationExcept
   ion
    + FullyQualifiedErrorId : ExpressionEvaluation,Microsoft.PowerShell.Commands.SortObjectCommand

sort-object : Исключение при чтении "TotalProcessorTime" : "Отказано в доступе"
строка:1 знак:15
+ get-process | sort-object "TotalProcessorTime"
+               ~~~~~~~~~~~~~~~~~~~~~~~~~~~~~~~~
    + CategoryInfo          : InvalidResult: (System.Diagnostics.Process (svchost):PSObject) [Sort-Object], GetValueInvocationExcept
   ion
    + FullyQualifiedErrorId : ExpressionEvaluation,Microsoft.PowerShell.Commands.SortObjectCommand

sort-object : Исключение при чтении "TotalProcessorTime" : "Отказано в доступе"
строка:1 знак:15
+ get-process | sort-object "TotalProcessorTime"
+               ~~~~~~~~~~~~~~~~~~~~~~~~~~~~~~~~
    + CategoryInfo          : InvalidResult: (System.Diagnostics.Process (svchost):PSObject) [Sort-Object], GetValueInvocationExcept
   ion
    + FullyQualifiedErrorId : ExpressionEvaluation,Microsoft.PowerShell.Commands.SortObjectCommand

sort-object : Исключение при чтении "TotalProcessorTime" : "Отказано в доступе"
строка:1 знак:15
+ get-process | sort-object "TotalProcessorTime"
+               ~~~~~~~~~~~~~~~~~~~~~~~~~~~~~~~~
    + CategoryInfo          : InvalidResult: (System.Diagnostics.Process (svchost):PSObject) [Sort-Object], GetValueInvocationExcept
   ion
    + FullyQualifiedErrorId : ExpressionEvaluation,Microsoft.PowerShell.Commands.SortObjectCommand

sort-object : Исключение при чтении "TotalProcessorTime" : "Отказано в доступе"
строка:1 знак:15
+ get-process | sort-object "TotalProcessorTime"
+               ~~~~~~~~~~~~~~~~~~~~~~~~~~~~~~~~
    + CategoryInfo          : InvalidResult: (System.Diagnostics.Process (svchost):PSObject) [Sort-Object], GetValueInvocationExcept
   ion
    + FullyQualifiedErrorId : ExpressionEvaluation,Microsoft.PowerShell.Commands.SortObjectCommand

sort-object : Исключение при чтении "TotalProcessorTime" : "Отказано в доступе"
строка:1 знак:15
+ get-process | sort-object "TotalProcessorTime"
+               ~~~~~~~~~~~~~~~~~~~~~~~~~~~~~~~~
    + CategoryInfo          : InvalidResult: (System.Diagnostics.Process (svchost):PSObject) [Sort-Object], GetValueInvocationExcept
   ion
    + FullyQualifiedErrorId : ExpressionEvaluation,Microsoft.PowerShell.Commands.SortObjectCommand

sort-object : Исключение при чтении "TotalProcessorTime" : "Отказано в доступе"
строка:1 знак:15
+ get-process | sort-object "TotalProcessorTime"
+               ~~~~~~~~~~~~~~~~~~~~~~~~~~~~~~~~
    + CategoryInfo          : InvalidResult: (System.Diagnostics.Process (svchost):PSObject) [Sort-Object], GetValueInvocationExcept
   ion
    + FullyQualifiedErrorId : ExpressionEvaluation,Microsoft.PowerShell.Commands.SortObjectCommand

sort-object : Исключение при чтении "TotalProcessorTime" : "Отказано в доступе"
строка:1 знак:15
+ get-process | sort-object "TotalProcessorTime"
+               ~~~~~~~~~~~~~~~~~~~~~~~~~~~~~~~~
    + CategoryInfo          : InvalidResult: (System.Diagnostics.Process (svchost):PSObject) [Sort-Object], GetValueInvocationExcept
   ion
    + FullyQualifiedErrorId : ExpressionEvaluation,Microsoft.PowerShell.Commands.SortObjectCommand

sort-object : Исключение при чтении "TotalProcessorTime" : "Отказано в доступе"
строка:1 знак:15
+ get-process | sort-object "TotalProcessorTime"
+               ~~~~~~~~~~~~~~~~~~~~~~~~~~~~~~~~
    + CategoryInfo          : InvalidResult: (System.Diagnostics.Process (svchost):PSObject) [Sort-Object], GetValueInvocationExcept
   ion
    + FullyQualifiedErrorId : ExpressionEvaluation,Microsoft.PowerShell.Commands.SortObjectCommand

sort-object : Исключение при чтении "TotalProcessorTime" : "Отказано в доступе"
строка:1 знак:15
+ get-process | sort-object "TotalProcessorTime"
+               ~~~~~~~~~~~~~~~~~~~~~~~~~~~~~~~~
    + CategoryInfo          : InvalidResult: (System.Diagnostics.Process (svchost):PSObject) [Sort-Object], GetValueInvocationExcept
   ion
    + FullyQualifiedErrorId : ExpressionEvaluation,Microsoft.PowerShell.Commands.SortObjectCommand

sort-object : Исключение при чтении "TotalProcessorTime" : "Отказано в доступе"
строка:1 знак:15
+ get-process | sort-object "TotalProcessorTime"
+               ~~~~~~~~~~~~~~~~~~~~~~~~~~~~~~~~
    + CategoryInfo          : InvalidResult: (System.Diagnostics.Process (svchost):PSObject) [Sort-Object], GetValueInvocationExcept
   ion
    + FullyQualifiedErrorId : ExpressionEvaluation,Microsoft.PowerShell.Commands.SortObjectCommand

sort-object : Исключение при чтении "TotalProcessorTime" : "Отказано в доступе"
строка:1 знак:15
+ get-process | sort-object "TotalProcessorTime"
+               ~~~~~~~~~~~~~~~~~~~~~~~~~~~~~~~~
    + CategoryInfo          : InvalidResult: (System.Diagnostics.Process (svchost):PSObject) [Sort-Object], GetValueInvocationExcept
   ion
    + FullyQualifiedErrorId : ExpressionEvaluation,Microsoft.PowerShell.Commands.SortObjectCommand

sort-object : Исключение при чтении "TotalProcessorTime" : "Отказано в доступе"
строка:1 знак:15
+ get-process | sort-object "TotalProcessorTime"
+               ~~~~~~~~~~~~~~~~~~~~~~~~~~~~~~~~
    + CategoryInfo          : InvalidResult: (System.Diagnostics.Process (svchost):PSObject) [Sort-Object], GetValueInvocationExcept
   ion
    + FullyQualifiedErrorId : ExpressionEvaluation,Microsoft.PowerShell.Commands.SortObjectCommand

sort-object : Исключение при чтении "TotalProcessorTime" : "Отказано в доступе"
строка:1 знак:15
+ get-process | sort-object "TotalProcessorTime"
+               ~~~~~~~~~~~~~~~~~~~~~~~~~~~~~~~~
    + CategoryInfo          : InvalidResult: (System.Diagnostics.Process (svchost):PSObject) [Sort-Object], GetValueInvocationExcept
   ion
    + FullyQualifiedErrorId : ExpressionEvaluation,Microsoft.PowerShell.Commands.SortObjectCommand

sort-object : Исключение при чтении "TotalProcessorTime" : "Отказано в доступе"
строка:1 знак:15
+ get-process | sort-object "TotalProcessorTime"
+               ~~~~~~~~~~~~~~~~~~~~~~~~~~~~~~~~
    + CategoryInfo          : InvalidResult: (System.Diagnostics.Process (svchost):PSObject) [Sort-Object], GetValueInvocationExcept
   ion
    + FullyQualifiedErrorId : ExpressionEvaluation,Microsoft.PowerShell.Commands.SortObjectCommand

sort-object : Исключение при чтении "TotalProcessorTime" : "Отказано в доступе"
строка:1 знак:15
+ get-process | sort-object "TotalProcessorTime"
+               ~~~~~~~~~~~~~~~~~~~~~~~~~~~~~~~~
    + CategoryInfo          : InvalidResult: (System.Diagnostics.Process (svchost):PSObject) [Sort-Object], GetValueInvocationExcept
   ion
    + FullyQualifiedErrorId : ExpressionEvaluation,Microsoft.PowerShell.Commands.SortObjectCommand

sort-object : Исключение при чтении "TotalProcessorTime" : "Отказано в доступе"
строка:1 знак:15
+ get-process | sort-object "TotalProcessorTime"
+               ~~~~~~~~~~~~~~~~~~~~~~~~~~~~~~~~
    + CategoryInfo          : InvalidResult: (System.Diagnostics.Process (svchost):PSObject) [Sort-Object], GetValueInvocationExcept
   ion
    + FullyQualifiedErrorId : ExpressionEvaluation,Microsoft.PowerShell.Commands.SortObjectCommand

sort-object : Исключение при чтении "TotalProcessorTime" : "Отказано в доступе"
строка:1 знак:15
+ get-process | sort-object "TotalProcessorTime"
+               ~~~~~~~~~~~~~~~~~~~~~~~~~~~~~~~~
    + CategoryInfo          : InvalidResult: (System.Diagnostics.Process (svchost):PSObject) [Sort-Object], GetValueInvocationExcept
   ion
    + FullyQualifiedErrorId : ExpressionEvaluation,Microsoft.PowerShell.Commands.SortObjectCommand

sort-object : Исключение при чтении "TotalProcessorTime" : "Отказано в доступе"
строка:1 знак:15
+ get-process | sort-object "TotalProcessorTime"
+               ~~~~~~~~~~~~~~~~~~~~~~~~~~~~~~~~
    + CategoryInfo          : InvalidResult: (System.Diagnostics.Process (svchost):PSObject) [Sort-Object], GetValueInvocationExcept
   ion
    + FullyQualifiedErrorId : ExpressionEvaluation,Microsoft.PowerShell.Commands.SortObjectCommand

sort-object : Исключение при чтении "TotalProcessorTime" : "Отказано в доступе"
строка:1 знак:15
+ get-process | sort-object "TotalProcessorTime"
+               ~~~~~~~~~~~~~~~~~~~~~~~~~~~~~~~~
    + CategoryInfo          : InvalidResult: (System.Diagnostics.Process (svchost):PSObject) [Sort-Object], GetValueInvocationExcept
   ion
    + FullyQualifiedErrorId : ExpressionEvaluation,Microsoft.PowerShell.Commands.SortObjectCommand

sort-object : Исключение при чтении "TotalProcessorTime" : "Отказано в доступе"
строка:1 знак:15
+ get-process | sort-object "TotalProcessorTime"
+               ~~~~~~~~~~~~~~~~~~~~~~~~~~~~~~~~
    + CategoryInfo          : InvalidResult: (System.Diagnostics.Process (svchost):PSObject) [Sort-Object], GetValueInvocationExcept
   ion
    + FullyQualifiedErrorId : ExpressionEvaluation,Microsoft.PowerShell.Commands.SortObjectCommand

sort-object : Исключение при чтении "TotalProcessorTime" : "Отказано в доступе"
строка:1 знак:15
+ get-process | sort-object "TotalProcessorTime"
+               ~~~~~~~~~~~~~~~~~~~~~~~~~~~~~~~~
    + CategoryInfo          : InvalidResult: (System.Diagnostics.Process (svchost):PSObject) [Sort-Object], GetValueInvocationExcept
   ion
    + FullyQualifiedErrorId : ExpressionEvaluation,Microsoft.PowerShell.Commands.SortObjectCommand

sort-object : Исключение при чтении "TotalProcessorTime" : "Отказано в доступе"
строка:1 знак:15
+ get-process | sort-object "TotalProcessorTime"
+               ~~~~~~~~~~~~~~~~~~~~~~~~~~~~~~~~
    + CategoryInfo          : InvalidResult: (System.Diagnostics.Process (svchost):PSObject) [Sort-Object], GetValueInvocationExcept
   ion
    + FullyQualifiedErrorId : ExpressionEvaluation,Microsoft.PowerShell.Commands.SortObjectCommand

sort-object : Исключение при чтении "TotalProcessorTime" : "Отказано в доступе"
строка:1 знак:15
+ get-process | sort-object "TotalProcessorTime"
+               ~~~~~~~~~~~~~~~~~~~~~~~~~~~~~~~~
    + CategoryInfo          : InvalidResult: (System.Diagnostics.Process (svchost):PSObject) [Sort-Object], GetValueInvocationExcept
   ion
    + FullyQualifiedErrorId : ExpressionEvaluation,Microsoft.PowerShell.Commands.SortObjectCommand

sort-object : Исключение при чтении "TotalProcessorTime" : "Отказано в доступе"
строка:1 знак:15
+ get-process | sort-object "TotalProcessorTime"
+               ~~~~~~~~~~~~~~~~~~~~~~~~~~~~~~~~
    + CategoryInfo          : InvalidResult: (System.Diagnostics.Process (svchost):PSObject) [Sort-Object], GetValueInvocationExcept
   ion
    + FullyQualifiedErrorId : ExpressionEvaluation,Microsoft.PowerShell.Commands.SortObjectCommand

sort-object : Исключение при чтении "TotalProcessorTime" : "Отказано в доступе"
строка:1 знак:15
+ get-process | sort-object "TotalProcessorTime"
+               ~~~~~~~~~~~~~~~~~~~~~~~~~~~~~~~~
    + CategoryInfo          : InvalidResult: (System.Diagnostics.Process (svchost):PSObject) [Sort-Object], GetValueInvocationExcept
   ion
    + FullyQualifiedErrorId : ExpressionEvaluation,Microsoft.PowerShell.Commands.SortObjectCommand

sort-object : Исключение при чтении "TotalProcessorTime" : "Отказано в доступе"
строка:1 знак:15
+ get-process | sort-object "TotalProcessorTime"
+               ~~~~~~~~~~~~~~~~~~~~~~~~~~~~~~~~
    + CategoryInfo          : InvalidResult: (System.Diagnostics.Process (svchost):PSObject) [Sort-Object], GetValueInvocationExcept
   ion
    + FullyQualifiedErrorId : ExpressionEvaluation,Microsoft.PowerShell.Commands.SortObjectCommand

sort-object : Исключение при чтении "TotalProcessorTime" : "Отказано в доступе"
строка:1 знак:15
+ get-process | sort-object "TotalProcessorTime"
+               ~~~~~~~~~~~~~~~~~~~~~~~~~~~~~~~~
    + CategoryInfo          : InvalidResult: (System.Diagnostics.Process (svchost):PSObject) [Sort-Object], GetValueInvocationExcept
   ion
    + FullyQualifiedErrorId : ExpressionEvaluation,Microsoft.PowerShell.Commands.SortObjectCommand

sort-object : Исключение при чтении "TotalProcessorTime" : "Отказано в доступе"
строка:1 знак:15
+ get-process | sort-object "TotalProcessorTime"
+               ~~~~~~~~~~~~~~~~~~~~~~~~~~~~~~~~
    + CategoryInfo          : InvalidResult: (System.Diagnostics.Process (svchost):PSObject) [Sort-Object], GetValueInvocationExcept
   ion
    + FullyQualifiedErrorId : ExpressionEvaluation,Microsoft.PowerShell.Commands.SortObjectCommand

sort-object : Исключение при чтении "TotalProcessorTime" : "Отказано в доступе"
строка:1 знак:15
+ get-process | sort-object "TotalProcessorTime"
+               ~~~~~~~~~~~~~~~~~~~~~~~~~~~~~~~~
    + CategoryInfo          : InvalidResult: (System.Diagnostics.Process (svchost):PSObject) [Sort-Object], GetValueInvocationExcept
   ion
    + FullyQualifiedErrorId : ExpressionEvaluation,Microsoft.PowerShell.Commands.SortObjectCommand

sort-object : Исключение при чтении "TotalProcessorTime" : "Отказано в доступе"
строка:1 знак:15
+ get-process | sort-object "TotalProcessorTime"
+               ~~~~~~~~~~~~~~~~~~~~~~~~~~~~~~~~
    + CategoryInfo          : InvalidResult: (System.Diagnostics.Process (svchost):PSObject) [Sort-Object], GetValueInvocationExcept
   ion
    + FullyQualifiedErrorId : ExpressionEvaluation,Microsoft.PowerShell.Commands.SortObjectCommand

sort-object : Исключение при чтении "TotalProcessorTime" : "Отказано в доступе"
строка:1 знак:15
+ get-process | sort-object "TotalProcessorTime"
+               ~~~~~~~~~~~~~~~~~~~~~~~~~~~~~~~~
    + CategoryInfo          : InvalidResult: (System.Diagnostics.Process (svchost):PSObject) [Sort-Object], GetValueInvocationExcept
   ion
    + FullyQualifiedErrorId : ExpressionEvaluation,Microsoft.PowerShell.Commands.SortObjectCommand

sort-object : Исключение при чтении "TotalProcessorTime" : "Отказано в доступе"
строка:1 знак:15
+ get-process | sort-object "TotalProcessorTime"
+               ~~~~~~~~~~~~~~~~~~~~~~~~~~~~~~~~
    + CategoryInfo          : InvalidResult: (System.Diagnostics.Process (svchost):PSObject) [Sort-Object], GetValueInvocationExcept
   ion
    + FullyQualifiedErrorId : ExpressionEvaluation,Microsoft.PowerShell.Commands.SortObjectCommand

sort-object : Исключение при чтении "TotalProcessorTime" : "Отказано в доступе"
строка:1 знак:15
+ get-process | sort-object "TotalProcessorTime"
+               ~~~~~~~~~~~~~~~~~~~~~~~~~~~~~~~~
    + CategoryInfo          : InvalidResult: (System.Diagnostics.Process (svchost):PSObject) [Sort-Object], GetValueInvocationExcept
   ion
    + FullyQualifiedErrorId : ExpressionEvaluation,Microsoft.PowerShell.Commands.SortObjectCommand

sort-object : Исключение при чтении "TotalProcessorTime" : "Отказано в доступе"
строка:1 знак:15
+ get-process | sort-object "TotalProcessorTime"
+               ~~~~~~~~~~~~~~~~~~~~~~~~~~~~~~~~
    + CategoryInfo          : InvalidResult: (System.Diagnostics.Process (svchost):PSObject) [Sort-Object], GetValueInvocationExcept
   ion
    + FullyQualifiedErrorId : ExpressionEvaluation,Microsoft.PowerShell.Commands.SortObjectCommand

sort-object : Исключение при чтении "TotalProcessorTime" : "Отказано в доступе"
строка:1 знак:15
+ get-process | sort-object "TotalProcessorTime"
+               ~~~~~~~~~~~~~~~~~~~~~~~~~~~~~~~~
    + CategoryInfo          : InvalidResult: (System.Diagnostics.Process (svchost):PSObject) [Sort-Object], GetValueInvocationExcept
   ion
    + FullyQualifiedErrorId : ExpressionEvaluation,Microsoft.PowerShell.Commands.SortObjectCommand

sort-object : Исключение при чтении "TotalProcessorTime" : "Отказано в доступе"
строка:1 знак:15
+ get-process | sort-object "TotalProcessorTime"
+               ~~~~~~~~~~~~~~~~~~~~~~~~~~~~~~~~
    + CategoryInfo          : InvalidResult: (System.Diagnostics.Process (svchost):PSObject) [Sort-Object], GetValueInvocationExcept
   ion
    + FullyQualifiedErrorId : ExpressionEvaluation,Microsoft.PowerShell.Commands.SortObjectCommand

sort-object : Исключение при чтении "TotalProcessorTime" : "Отказано в доступе"
строка:1 знак:15
+ get-process | sort-object "TotalProcessorTime"
+               ~~~~~~~~~~~~~~~~~~~~~~~~~~~~~~~~
    + CategoryInfo          : InvalidResult: (System.Diagnostics.Process (svchost):PSObject) [Sort-Object], GetValueInvocationExcept
   ion
    + FullyQualifiedErrorId : ExpressionEvaluation,Microsoft.PowerShell.Commands.SortObjectCommand

sort-object : Исключение при чтении "TotalProcessorTime" : "Отказано в доступе"
строка:1 знак:15
+ get-process | sort-object "TotalProcessorTime"
+               ~~~~~~~~~~~~~~~~~~~~~~~~~~~~~~~~
    + CategoryInfo          : InvalidResult: (System.Diagnostics.Process (svchost):PSObject) [Sort-Object], GetValueInvocationExcept
   ion
    + FullyQualifiedErrorId : ExpressionEvaluation,Microsoft.PowerShell.Commands.SortObjectCommand

sort-object : Исключение при чтении "TotalProcessorTime" : "Отказано в доступе"
строка:1 знак:15
+ get-process | sort-object "TotalProcessorTime"
+               ~~~~~~~~~~~~~~~~~~~~~~~~~~~~~~~~
    + CategoryInfo          : InvalidResult: (System.Diagnostics.Process (svchost):PSObject) [Sort-Object], GetValueInvocationExcept
   ion
    + FullyQualifiedErrorId : ExpressionEvaluation,Microsoft.PowerShell.Commands.SortObjectCommand

sort-object : Исключение при чтении "TotalProcessorTime" : "Отказано в доступе"
строка:1 знак:15
+ get-process | sort-object "TotalProcessorTime"
+               ~~~~~~~~~~~~~~~~~~~~~~~~~~~~~~~~
    + CategoryInfo          : InvalidResult: (System.Diagnostics.Process (svchost):PSObject) [Sort-Object], GetValueInvocationExcept
   ion
    + FullyQualifiedErrorId : ExpressionEvaluation,Microsoft.PowerShell.Commands.SortObjectCommand

sort-object : Исключение при чтении "TotalProcessorTime" : "Отказано в доступе"
строка:1 знак:15
+ get-process | sort-object "TotalProcessorTime"
+               ~~~~~~~~~~~~~~~~~~~~~~~~~~~~~~~~
    + CategoryInfo          : InvalidResult: (System.Diagnostics.Process (svchost):PSObject) [Sort-Object], GetValueInvocationExcept
   ion
    + FullyQualifiedErrorId : ExpressionEvaluation,Microsoft.PowerShell.Commands.SortObjectCommand

sort-object : Исключение при чтении "TotalProcessorTime" : "Отказано в доступе"
строка:1 знак:15
+ get-process | sort-object "TotalProcessorTime"
+               ~~~~~~~~~~~~~~~~~~~~~~~~~~~~~~~~
    + CategoryInfo          : InvalidResult: (System.Diagnostics.Process (svchost):PSObject) [Sort-Object], GetValueInvocationExcept
   ion
    + FullyQualifiedErrorId : ExpressionEvaluation,Microsoft.PowerShell.Commands.SortObjectCommand

sort-object : Исключение при чтении "TotalProcessorTime" : "Отказано в доступе"
строка:1 знак:15
+ get-process | sort-object "TotalProcessorTime"
+               ~~~~~~~~~~~~~~~~~~~~~~~~~~~~~~~~
    + CategoryInfo          : InvalidResult: (System.Diagnostics.Process (svchost):PSObject) [Sort-Object], GetValueInvocationExcept
   ion
    + FullyQualifiedErrorId : ExpressionEvaluation,Microsoft.PowerShell.Commands.SortObjectCommand

sort-object : Исключение при чтении "TotalProcessorTime" : "Отказано в доступе"
строка:1 знак:15
+ get-process | sort-object "TotalProcessorTime"
+               ~~~~~~~~~~~~~~~~~~~~~~~~~~~~~~~~
    + CategoryInfo          : InvalidResult: (System.Diagnostics.Process (svchost):PSObject) [Sort-Object], GetValueInvocationExcept
   ion
    + FullyQualifiedErrorId : ExpressionEvaluation,Microsoft.PowerShell.Commands.SortObjectCommand

sort-object : Исключение при чтении "TotalProcessorTime" : "Отказано в доступе"
строка:1 знак:15
+ get-process | sort-object "TotalProcessorTime"
+               ~~~~~~~~~~~~~~~~~~~~~~~~~~~~~~~~
    + CategoryInfo          : InvalidResult: (System.Diagnostics.Process (svchost):PSObject) [Sort-Object], GetValueInvocationExcept
   ion
    + FullyQualifiedErrorId : ExpressionEvaluation,Microsoft.PowerShell.Commands.SortObjectCommand

sort-object : Исключение при чтении "TotalProcessorTime" : "Отказано в доступе"
строка:1 знак:15
+ get-process | sort-object "TotalProcessorTime"
+               ~~~~~~~~~~~~~~~~~~~~~~~~~~~~~~~~
    + CategoryInfo          : InvalidResult: (System.Diagnostics.Process (svchost):PSObject) [Sort-Object], GetValueInvocationExcept
   ion
    + FullyQualifiedErrorId : ExpressionEvaluation,Microsoft.PowerShell.Commands.SortObjectCommand

sort-object : Исключение при чтении "TotalProcessorTime" : "Отказано в доступе"
строка:1 знак:15
+ get-process | sort-object "TotalProcessorTime"
+               ~~~~~~~~~~~~~~~~~~~~~~~~~~~~~~~~
    + CategoryInfo          : InvalidResult: (System.Diagnostics.Process (svchost):PSObject) [Sort-Object], GetValueInvocationExcept
   ion
    + FullyQualifiedErrorId : ExpressionEvaluation,Microsoft.PowerShell.Commands.SortObjectCommand

sort-object : Исключение при чтении "TotalProcessorTime" : "Отказано в доступе"
строка:1 знак:15
+ get-process | sort-object "TotalProcessorTime"
+               ~~~~~~~~~~~~~~~~~~~~~~~~~~~~~~~~
    + CategoryInfo          : InvalidResult: (System.Diagnostics.Process (svchost):PSObject) [Sort-Object], GetValueInvocationExcept
   ion
    + FullyQualifiedErrorId : ExpressionEvaluation,Microsoft.PowerShell.Commands.SortObjectCommand

sort-object : Исключение при чтении "TotalProcessorTime" : "Отказано в доступе"
строка:1 знак:15
+ get-process | sort-object "TotalProcessorTime"
+               ~~~~~~~~~~~~~~~~~~~~~~~~~~~~~~~~
    + CategoryInfo          : InvalidResult: (System.Diagnostics.Process (svchost):PSObject) [Sort-Object], GetValueInvocationExcept
   ion
    + FullyQualifiedErrorId : ExpressionEvaluation,Microsoft.PowerShell.Commands.SortObjectCommand

sort-object : Исключение при чтении "TotalProcessorTime" : "Отказано в доступе"
строка:1 знак:15
+ get-process | sort-object "TotalProcessorTime"
+               ~~~~~~~~~~~~~~~~~~~~~~~~~~~~~~~~
    + CategoryInfo          : InvalidResult: (System.Diagnostics.Process (svchost):PSObject) [Sort-Object], GetValueInvocationExcept
   ion
    + FullyQualifiedErrorId : ExpressionEvaluation,Microsoft.PowerShell.Commands.SortObjectCommand

sort-object : Исключение при чтении "TotalProcessorTime" : "Отказано в доступе"
строка:1 знак:15
+ get-process | sort-object "TotalProcessorTime"
+               ~~~~~~~~~~~~~~~~~~~~~~~~~~~~~~~~
    + CategoryInfo          : InvalidResult: (System.Diagnostics.Process (svchost):PSObject) [Sort-Object], GetValueInvocationExcept
   ion
    + FullyQualifiedErrorId : ExpressionEvaluation,Microsoft.PowerShell.Commands.SortObjectCommand

sort-object : Исключение при чтении "TotalProcessorTime" : "Отказано в доступе"
строка:1 знак:15
+ get-process | sort-object "TotalProcessorTime"
+               ~~~~~~~~~~~~~~~~~~~~~~~~~~~~~~~~
    + CategoryInfo          : InvalidResult: (System.Diagnostics.Process (svchost):PSObject) [Sort-Object], GetValueInvocationExcept
   ion
    + FullyQualifiedErrorId : ExpressionEvaluation,Microsoft.PowerShell.Commands.SortObjectCommand

sort-object : Исключение при чтении "TotalProcessorTime" : "Отказано в доступе"
строка:1 знак:15
+ get-process | sort-object "TotalProcessorTime"
+               ~~~~~~~~~~~~~~~~~~~~~~~~~~~~~~~~
    + CategoryInfo          : InvalidResult: (System.Diagnostics.Process (svchost):PSObject) [Sort-Object], GetValueInvocationExcept
   ion
    + FullyQualifiedErrorId : ExpressionEvaluation,Microsoft.PowerShell.Commands.SortObjectCommand

sort-object : Исключение при чтении "TotalProcessorTime" : "Отказано в доступе"
строка:1 знак:15
+ get-process | sort-object "TotalProcessorTime"
+               ~~~~~~~~~~~~~~~~~~~~~~~~~~~~~~~~
    + CategoryInfo          : InvalidResult: (System.Diagnostics.Process (svchost):PSObject) [Sort-Object], GetValueInvocationExcept
   ion
    + FullyQualifiedErrorId : ExpressionEvaluation,Microsoft.PowerShell.Commands.SortObjectCommand

sort-object : Исключение при чтении "TotalProcessorTime" : "Отказано в доступе"
строка:1 знак:15
+ get-process | sort-object "TotalProcessorTime"
+               ~~~~~~~~~~~~~~~~~~~~~~~~~~~~~~~~
    + CategoryInfo          : InvalidResult: (System.Diagnostics.Process (svchost):PSObject) [Sort-Object], GetValueInvocationExcept
   ion
    + FullyQualifiedErrorId : ExpressionEvaluation,Microsoft.PowerShell.Commands.SortObjectCommand

sort-object : Исключение при чтении "TotalProcessorTime" : "Отказано в доступе"
строка:1 знак:15
+ get-process | sort-object "TotalProcessorTime"
+               ~~~~~~~~~~~~~~~~~~~~~~~~~~~~~~~~
    + CategoryInfo          : InvalidResult: (System.Diagnostics.Process (System):PSObject) [Sort-Object], GetValueInvocationExcepti
   on
    + FullyQualifiedErrorId : ExpressionEvaluation,Microsoft.PowerShell.Commands.SortObjectCommand

sort-object : Исключение при чтении "TotalProcessorTime" : "Отказано в доступе"
строка:1 знак:15
+ get-process | sort-object "TotalProcessorTime"
+               ~~~~~~~~~~~~~~~~~~~~~~~~~~~~~~~~
    + CategoryInfo          : InvalidResult: (System.Diagnost... (Wacom_Tablet):PSObject) [Sort-Object], GetValueInvocationException
    + FullyQualifiedErrorId : ExpressionEvaluation,Microsoft.PowerShell.Commands.SortObjectCommand

sort-object : Исключение при чтении "TotalProcessorTime" : "Отказано в доступе"
строка:1 знак:15
+ get-process | sort-object "TotalProcessorTime"
+               ~~~~~~~~~~~~~~~~~~~~~~~~~~~~~~~~
    + CategoryInfo          : InvalidResult: (System.Diagnostics.Process (WacomHost):PSObject) [Sort-Object], GetValueInvocationExce
   ption
    + FullyQualifiedErrorId : ExpressionEvaluation,Microsoft.PowerShell.Commands.SortObjectCommand

sort-object : Исключение при чтении "TotalProcessorTime" : "Отказано в доступе"
строка:1 знак:15
+ get-process | sort-object "TotalProcessorTime"
+               ~~~~~~~~~~~~~~~~~~~~~~~~~~~~~~~~
    + CategoryInfo          : InvalidResult: (System.Diagnostics.Process (wininit):PSObject) [Sort-Object], GetValueInvocationExcept
   ion
    + FullyQualifiedErrorId : ExpressionEvaluation,Microsoft.PowerShell.Commands.SortObjectCommand

sort-object : Исключение при чтении "TotalProcessorTime" : "Отказано в доступе"
строка:1 знак:15
+ get-process | sort-object "TotalProcessorTime"
+               ~~~~~~~~~~~~~~~~~~~~~~~~~~~~~~~~
    + CategoryInfo          : InvalidResult: (System.Diagnostics.Process (winlogon):PSObject) [Sort-Object], GetValueInvocationExcep
   tion
    + FullyQualifiedErrorId : ExpressionEvaluation,Microsoft.PowerShell.Commands.SortObjectCommand

sort-object : Исключение при чтении "TotalProcessorTime" : "Отказано в доступе"
строка:1 знак:15
+ get-process | sort-object "TotalProcessorTime"
+               ~~~~~~~~~~~~~~~~~~~~~~~~~~~~~~~~
    + CategoryInfo          : InvalidResult: (System.Diagnost...bletServicePro):PSObject) [Sort-Object], GetValueInvocationException
    + FullyQualifiedErrorId : ExpressionEvaluation,Microsoft.PowerShell.Commands.SortObjectCommand

sort-object : Исключение при чтении "TotalProcessorTime" : "Отказано в доступе"
строка:1 знак:15
+ get-process | sort-object "TotalProcessorTime"
+               ~~~~~~~~~~~~~~~~~~~~~~~~~~~~~~~~
    + CategoryInfo          : InvalidResult: (System.Diagnostics.Process (WUDFHost):PSObject) [Sort-Object], GetValueInvocationExcep
   tion
    + FullyQualifiedErrorId : ExpressionEvaluation,Microsoft.PowerShell.Commands.SortObjectCommand


Handles  NPM(K)    PM(K)      WS(K)     CPU(s)     Id  SI ProcessName
-------  ------    -----      -----     ------     --  -- -----------
    126       8     1508       2544              2536   0 svchost
    181      10     9248      14328              2456   0 svchost
    218      12     3140       7016              2716   0 svchost
    217      12     2880       6140              2788   0 svchost
    282       8     1372       2076              2776   0 svchost
    254      10     2908       6064              2308   0 svchost
    243      13     3356       6328              2108   0 svchost
    689      14     3900       7480              2076   0 svchost
    172       7     1544       2820              2128   0 svchost
    150      10     1728       2864              2264   0 svchost
    193      12     2568       6664              2180   0 svchost
    194      15     6528       4304              3720   0 svchost
    299      13     3812       5968              3172   0 svchost
    216      11     2320       3480              3756   0 svchost
    326      18     4556      12168              3812   0 svchost
    430      33    14224      18060              3804   0 svchost
    186       9     2068       4344              3120   0 svchost
    178      12     1916       3104              2920   0 svchost
    176       9     2008       4724              2796   0 svchost
    336      10     2820       5612              2972   0 svchost
    391      15    10008      14296              2988   0 svchost
    179      10     2060       3904              2980   0 svchost
    440      21     5884       7772              4724   0 spoolsv
     53       3     1104        540               592   0 smss
    147      10     2080       2756              5124   0 sqlwriter
   1676      26    12476      20708              1120   0 svchost
    243      13     6964       8752             11644   0 steamservice
    219       7     1440       2300              1184   0 WUDFHost
    914      78    38632      36176              6176   0 SearchIndexer
    313      20     6344       8008              5228   0 RvControlSvc
    404      17     5832       9824             12012   0 SecurityHealthService
    105       7     5976       7292             10128   0 SgrmBroker
    777      14     6484       9176               924   0 services
    156      10     1828       2916              1720   0 svchost
    160      31     6476       7628              1692   0 svchost
    234      10     2528       4656              1768   0 svchost
    404      16     5128       9556              2012   0 svchost
    228      12     2512       4352              1924   0 svchost
    349       9     2200       5144              1612   0 svchost
   1370      18     9448      13612              1252   0 svchost
    406      18     6952      10248              1136   0 svchost
    348      10     2888       4640              1312   0 svchost
    252      13     2700       5776              1604   0 svchost
    439      14    16460      16592              1580   0 svchost
    325      13     4972       8104              8184   0 svchost
    113       6     1128       2048              8168   0 svchost
    566      20     8380      14196              8836   0 svchost
    156      10     3304      11576             10400   0 svchost
    555      19     4804      11924             10096   0 svchost
    175      10     1936       3196              7880   0 svchost
    181      80     2136       7848              7380   0 svchost
    181       9     1812       2824              7308   0 svchost
    224      12     3184       6288              7700   0 svchost
    197      12     2356       4744              7776   0 svchost
    399      20     5316      12884              7736   0 svchost
    253      12     1952       2540              3772   1 WacomHost
    438      22    14992      18992              8136   1 Wacom_Tablet
    164      11     1456       1408              1016   0 wininit
    201       9     1900       3544              5132   0 WTabletServicePro
    280      13     3820       3836              1364   1 winlogon
   4868       0      200        952                 4   0 System
    148       9     1848      12100             11672   0 svchost
    119       8     1296       6240             10404   0 svchost
    258      16     2856       5820             12748   0 svchost
    433      22     6432      10228             16772   0 svchost
    175       9     1712       7656             13244   0 svchost
    180      10     1980       3444              4916   0 svchost
    202      13     2708       4520              4664   0 svchost
    267      15     3836       8596              4976   0 svchost
    400      28     7624      13116              5048   0 svchost
    613      27    22372      35368              5040   0 svchost
    525      25     6736      11572              4640   0 svchost
    537      24     4684      11332              4000   0 svchost
    208      12     2460       4492              3936   0 svchost
    475      13     3844       9224              4264   0 svchost
    227      14     2684       6820              4500   0 svchost
    386      15     3044       6056              4492   0 svchost
    113       7     1296       2168              5496   0 svchost
    218      13     2612       2988              5288   0 svchost
    131       7     1344       2532              5788   0 svchost
    285      12     4292      11640              6440   0 svchost
    413      27     3976       7040              6216   0 svchost
    140       9     1600       2528              5100   0 svchost
    265      14     2788       3924              5068   0 svchost
    353      22    33052      35116              5056   0 svchost
    135       7     1316       1768              5076   0 svchost
    414      20     5124      16436              5092   0 svchost
    178      10     2044       4128              5084   0 svchost
    645      23     9856      21088              5940   0 gamingservices
   1701      29    10220      18440               948   0 lsass
    136       6     1136       1528              5952   0 gamingservicesnet
    771      27    38824      49252              5308   0 OfficeClickToRun
     86       6      940       1400              4472   0 goodbyedpi
    671      23     2092       3020               888   0 csrss
    865      36     3136       3424               616   1 csrss
    215      18     4008       5824              8060   0 dllhost
     50       6     1724       1628              1148   0 fontdrvhost
   1307      57   104076      65284              1816   1 dwm
    612      30    39728      46048              2868   1 NVDisplay.Container
    140       8     1292       2144              5204   0 jhi_service
      0       0       60          8                 0   0 Idle
    212      10     2948       4312              5420   0 LMS
      0       0      372      77280              2892   0 Memory Compression
    513      17    13116      19300              5176   0 MpDefenderCoreService
    210      12     6016       7956             11028   0 NisSrv
    452      22    24396      32344              2476   0 NVDisplay.Container
    847      49    80088      67212              8248   0 net_updater64
    833      64    58780      59092              5212   0 hola_svc
   1086     215   368464     288500              5140   0 MsMpEng
    136       7     2112       3020              8756   0 AggregatorHost
      0      19     9904      31040               148   0 Registry
     50      14     7280      11796              1432   1 fontdrvhost
    333      12     2884       5440              5156   0 RtkAudUService64
    142       9     2084       3240       0,00   8012   1 msedge
    120       8     1596       2228       0,00  14384   1 crashpad_handler
    143      10     1336       1644       0,00  18060   1 deskpins
    268      17     9260       4748       0,02  11612   1 steamwebhelper
    221      12     2640       2596       0,03   6808   1 Wacom_UpdateUtil
    155       9     2072       2504       0,03  18412   1 msedgewebview2
    217      15    12768      25148       0,03  14212   1 GoogleDriveFS
    300      18    14100      32012       0,03   9204   1 GoogleDriveFS
    129       8     1560       7956       0,03  16504   1 RuntimeBroker
    179      11     7532       7200       0,03   4540   1 msedge
    113       8     1500       1768       0,03  15816   1 RiotClientCrashHandler
    244      10     1996       2716       0,03  12240   1 RtkAudUService64
    254      17    17932      32992       0,05  15956   1 GoogleDriveFS
    329      18     5044       4180       0,05  15232   1 TeraBoxWebService
    223      12     2704       3788       0,05   7176   1 RuntimeBroker
    233      19    15928      20664       0,05   5988   1 chrome
    236      13     3072       4460       0,06   7452   1 RuntimeBroker
    302      27    25680      41740       0,06   9404   1 chrome
    197      10     1868       2148       0,06   5960   1 Wacom_TabletUser
    167       9     1896       4136       0,06  11976   1 SecurityHealthSystray
    230      16     3976       7892       0,08  11096   1 dllhost
    267      18    12180       9172       0,08  14296   1 steamwebhelper
    286      14     5464       9864       0,08   9208   1 chrome
    172      11     6988      15356       0,08  10188   1 conhost
    276      23    20208      29276       0,08  15036   1 chrome
    143       7     1704       4872       0,08  13512   1 CompPkgSrv
    142      10     2020       4628       0,08  11740   1 UserOOBEBroker
    204      14    15568      10088       0,11  14124   1 GoogleDriveFS
    184      11     8932       5292       0,16   9660   1 msedgewebview2
    230      15     4192      15996       0,20   5172   1 taskhostw
    560      34    50880       2896       0,20   5376   1 Video.UI
    543      21    32808      67544       0,22  18424   1 GoogleDriveFS
    629      32    64296      43448       0,22  13540   1 chrome
    335      22    34288       4472       0,22  14536   1 OverwolfBrowser
    445      21     3784       5352       0,22  17628   1 jusched
    415      20    47496      21252       0,22  18576   1 msedge
    397      18     3440       4956       0,23   6896   1 jucheck
    212      17    17896       4600       0,25  17572   1 Lightshot
    330      31    28556      52400       0,28  15096   1 chrome
    261      14     6932       8004       0,38   6972   1 Wacom_TouchUser
    342      18    12800      24048       0,38  10688   1 msedge
    463      26     5812      11132       0,41  10428   1 svchost
    551      28    79484      66056       0,41   6264   1 GoogleDriveFS
    248      20    18524      25628       0,63   8984   1 chrome
    335      21    37156       6604       0,66  17256   1 OverwolfBrowser
    466      22    12752      32272       0,66   8404   1 svchost
    407      25    39360      16124       0,73  16036   1 OverwolfBrowser
    263      20    19240      24896       0,75   8556   1 chrome
    441      41   117344      40088       0,75   2952   1 Skype
    582      32    80596      21380       0,77  15456   1 OverwolfBrowser
    303      18     6732      20972       0,78   9668   1 RuntimeBroker
    308      19    13548       9084       0,81   3820   1 Skype
    347      22    13496      16216       0,84  12444   1 steamwebhelper
    638      27    45680      28904       0,84  11776   1 TextInputHost
    278      31     7568      11264       0,84   7064   1 taskhostw
    915      41    63500      37920       1,06   9252   1 SearchApp
    320      16     4004       7364       1,22   8652   1 TabTip
    611      25    13080       9300       1,39   5364   1 SDXHelper
    260      15     7804       7388       1,41  19376   1 msedgewebview2
    646      31   110484      34992       1,55  17744   1 msedgewebview2
    692      34    60856      67444       1,70   4020   1 StartMenuExperienceHost
   1097     112    87348      84680       1,80   6720   1 PhoneExperienceHost
    468      19    12508      23832       1,88   6052   1 svchost
    560      27    12224      32488       2,22   9768   1 RuntimeBroker
    364      20    10752      21636       2,25   1332   1 msedgewebview2
    918      26    10800      22844       2,30   6160   1 svchost
    336      37    45840      71636       2,31   2228   1 chrome
    758      36    73488      93308       3,31  15300   1 powershell
   1243      40    47880      75528       2,52   7536   1 msedge
    392      25    14248       7388       2,53  16608   1 Skype
    556      19     7996      20428       2,97   6000   1 sihost
    532      18     4780      13196       3,03   7628   1 ctfmon
   1384      53   115916      41456       3,70  18712   1 ms-teams
    274      14     5332      17692       4,77  15160   1 conhost
    560      26    78308      79728       5,33  16812   1 steamwebhelper
    358      23    15672      16972       5,44  17216   1 Skype
   1053      49    63644      39288       5,73  18132   1 ms-teams
    357      21     7540      18392       6,30  11652   1 RuntimeBroker
   1149      58    54012     101456       7,09  10292   1 GoogleDriveFS
   1265      44    48456      55620       7,56  18176   1 msedgewebview2
    348      23    16784      24884       7,72  16484   1 chrome
    300      20     3668       5596       8,05  11316   1 hola
   1474     128   208108     230328       9,91  10016   1 SearchApp
    829      66   170068     148324      10,39    612   1 curseforge
   1008      43    91212     141264      11,25  11712   1 steamwebhelper
   1110      58    52708      63176      13,00  15688   1 Skype
   1252     241   408904     372812      15,73  11812   1 chrome
    437      52   331892     242572      16,00   1860   1 msedgewebview2
    729      83    32656      54884      18,73  14360   1 chrome
   1346      54   498068     415740      24,16  17236   1 Telegram
    208      13    11656      16528      24,95   1956   0 audiodg
   3179     113   227368     187140      32,83   7276   1 explorer
   1337     140   291220     205016      34,50  12628   1 Skype
    473      16     8860      10196      62,34  17164   1 OverwolfHelper64
    573     168   195312     244900      70,09   9220   1 chrome
   1971      84   115328     209196      71,66   4252   1 chrome
    316      29   276232     291064      82,94  14140   1 RiotClientServices
    503      20     9020      10196      96,72  16724   1 OverwolfHelper
   1893     111   200452     161048     143,19  12356   1 Overwolf
   1027      93    67036      73200     152,44  11292   1 steam
    650     259   321040     366228     165,41   5572   1 chrome
    706      30   312632     324184     188,80  13712   1 steamwebhelper
    869      41   108104      79104     210,44  11892   1 steamwebhelper
    818      50   238612     267908     217,08  12572   1 chrome
    293     128    46920      50468     743,34  17152   1 SABER RGB


PS C:\Windows> Get-Process | Format-Table Id, Name

   Id Name
   -- ----
 8756 AggregatorHost
 1956 audiodg
 2228 chrome
 4252 chrome
 5572 chrome
 5988 chrome
 8556 chrome
 8984 chrome
 9208 chrome
 9220 chrome
 9404 chrome
11812 chrome
12572 chrome
12992 chrome
13540 chrome
14360 chrome
15096 chrome
15288 chrome
16476 chrome
16484 chrome
13512 CompPkgSrv
10188 conhost
15160 conhost
14384 crashpad_handler
  616 csrss
  888 csrss
 7628 ctfmon
  612 curseforge
18060 deskpins
 8060 dllhost
11096 dllhost
 1816 dwm
 7276 explorer
 1148 fontdrvhost
 1432 fontdrvhost
 5940 gamingservices
 5952 gamingservicesnet
 4472 goodbyedpi
 6264 GoogleDriveFS
 9204 GoogleDriveFS
10292 GoogleDriveFS
14124 GoogleDriveFS
14212 GoogleDriveFS
15956 GoogleDriveFS
18424 GoogleDriveFS
11316 hola
 5212 hola_svc
    0 Idle
 5204 jhi_service
 6896 jucheck
17628 jusched
17572 Lightshot
 5420 LMS
  948 lsass
 2892 Memory Compression
 5176 MpDefenderCoreService
 4540 msedge
 7536 msedge
 8012 msedge
10688 msedge
18576 msedge
 1332 msedgewebview2
 1860 msedgewebview2
 9660 msedgewebview2
17744 msedgewebview2
18176 msedgewebview2
18412 msedgewebview2
19376 msedgewebview2
 5140 MsMpEng
18132 ms-teams
18712 ms-teams
 8248 net_updater64
11028 NisSrv
 2476 NVDisplay.Container
 2868 NVDisplay.Container
 5308 OfficeClickToRun
12356 Overwolf
14536 OverwolfBrowser
15456 OverwolfBrowser
16036 OverwolfBrowser
17256 OverwolfBrowser
16724 OverwolfHelper
17164 OverwolfHelper64
 6720 PhoneExperienceHost
15300 powershell
  148 Registry
15816 RiotClientCrashHandler
14140 RiotClientServices
 5156 RtkAudUService64
12240 RtkAudUService64
 1104 RuntimeBroker
 7176 RuntimeBroker
 7452 RuntimeBroker
 9668 RuntimeBroker
 9768 RuntimeBroker
11652 RuntimeBroker
16504 RuntimeBroker
 5228 RvControlSvc
17152 SABER RGB
 5364 SDXHelper
 9252 SearchApp
10016 SearchApp
 6176 SearchIndexer
12012 SecurityHealthService
11976 SecurityHealthSystray
  924 services
10128 SgrmBroker
 6000 sihost
 2952 Skype
 3820 Skype
12628 Skype
15688 Skype
16608 Skype
17216 Skype
  592 smss
 4724 spoolsv
 5124 sqlwriter
 4020 StartMenuExperienceHost
11292 steam
11644 steamservice
11612 steamwebhelper
11712 steamwebhelper
11892 steamwebhelper
12444 steamwebhelper
13712 steamwebhelper
14296 steamwebhelper
16812 steamwebhelper
 1120 svchost
 1136 svchost
 1252 svchost
 1312 svchost
 1580 svchost
 1604 svchost
 1612 svchost
 1692 svchost
 1720 svchost
 1768 svchost
 1924 svchost
 2012 svchost
 2076 svchost
 2108 svchost
 2128 svchost
 2180 svchost
 2264 svchost
 2308 svchost
 2456 svchost
 2536 svchost
 2716 svchost
 2776 svchost
 2788 svchost
 2796 svchost
 2920 svchost
 2972 svchost
 2980 svchost
 2988 svchost
 3120 svchost
 3172 svchost
 3720 svchost
 3756 svchost
 3804 svchost
 3812 svchost
 3936 svchost
 4000 svchost
 4264 svchost
 4492 svchost
 4500 svchost
 4640 svchost
 4664 svchost
 4916 svchost
 4976 svchost
 5040 svchost
 5048 svchost
 5056 svchost
 5068 svchost
 5076 svchost
 5084 svchost
 5092 svchost
 5100 svchost
 5288 svchost
 5496 svchost
 5788 svchost
 6052 svchost
 6160 svchost
 6216 svchost
 6440 svchost
 7308 svchost
 7380 svchost
 7700 svchost
 7736 svchost
 7776 svchost
 7880 svchost
 8168 svchost
 8184 svchost
 8404 svchost
 8836 svchost
10096 svchost
10400 svchost
10404 svchost
10428 svchost
11672 svchost
12748 svchost
13632 svchost
16772 svchost
    4 System
 8652 TabTip
 5172 taskhostw
 7064 taskhostw
17236 Telegram
15232 TeraBoxWebService
11776 TextInputHost
11740 UserOOBEBroker
 5376 Video.UI
 8136 Wacom_Tablet
 5960 Wacom_TabletUser
 6972 Wacom_TouchUser
 6808 Wacom_UpdateUtil
 3772 WacomHost
 1016 wininit
 1364 winlogon
 5132 WTabletServicePro
 1184 WUDFHost


PS C:\Windows> C:\Windows> Get-Process | Format-Table Id, Name, cpu, workingset, processname
C:\Windows> : Имя "C:\Windows>" не распознано как имя командлета, функции, файла сценария или выполняемой программы. Проверьте правил
ьность написания имени, а также наличие и правильность пути, после чего повторите попытку.
строка:1 знак:1
+ C:\Windows> Get-Process | Format-Table Id, Name, cpu, workingset, pro ...
+ ~~~~~~~~~~~
    + CategoryInfo          : ObjectNotFound: (C:\Windows>:String) [], CommandNotFoundException
    + FullyQualifiedErrorId : CommandNotFoundException

PS C:\Windows>  Get-Process | Format-Table Id, Name, cpu, workingset, processname

   Id Name                    CPU        WorkingSet ProcessName
   -- ----                    ---        ---------- -----------
 8756 AggregatorHost                        3092480 AggregatorHost
 1956 audiodg                 29,453125    16936960 audiodg
 2228 chrome                  2,421875     73478144 chrome
 4252 chrome                  76,75       212344832 chrome
 5572 chrome                  193,296875  412393472 chrome
 6984 chrome                  0,046875     29982720 chrome
 8556 chrome                  0,765625     25649152 chrome
 8984 chrome                  0,75         26247168 chrome
 9208 chrome                  0,078125     10113024 chrome
 9220 chrome                  71,6875     259366912 chrome
 9404 chrome                  0,125        43343872 chrome
11812 chrome                  16,453125   373776384 chrome
12572 chrome                  224,984375  268279808 chrome
12992 chrome                  0,953125    101212160 chrome
13540 chrome                  0,21875      44494848 chrome
14360 chrome                  21,140625    55697408 chrome
15096 chrome                  0,359375     52408320 chrome
15288 chrome                  3,984375    123592704 chrome
16484 chrome                  9,5625       25538560 chrome
13512 CompPkgSrv              0,078125      4988928 CompPkgSrv
10188 conhost                 0,078125     15724544 conhost
15160 conhost                 7,1875       18661376 conhost
14384 crashpad_handler        0             2281472 crashpad_handler
  616 csrss                                 3510272 csrss
  888 csrss                                 3092480 csrss
 7628 ctfmon                  3,171875     13529088 ctfmon
  612 curseforge              10,390625   151867392 curseforge
18060 deskpins                0             1683456 deskpins
 8060 dllhost                               5963776 dllhost
11096 dllhost                 0,078125      8081408 dllhost
 1816 dwm                                  68038656 dwm
 7276 explorer                33,546875   192761856 explorer
 1148 fontdrvhost                           1667072 fontdrvhost
 1432 fontdrvhost                          11890688 fontdrvhost
 5940 gamingservices                       21614592 gamingservices
 5952 gamingservicesnet                     1564672 gamingservicesnet
 4472 goodbyedpi                            1433600 goodbyedpi
 6264 GoogleDriveFS           0,40625      67641344 GoogleDriveFS
 9204 GoogleDriveFS           0,03125      32780288 GoogleDriveFS
10292 GoogleDriveFS           7,828125    103890944 GoogleDriveFS
14124 GoogleDriveFS           0,109375     10330112 GoogleDriveFS
14212 GoogleDriveFS           0,03125      25751552 GoogleDriveFS
15956 GoogleDriveFS           0,046875     33783808 GoogleDriveFS
18424 GoogleDriveFS           0,21875      69165056 GoogleDriveFS
11316 hola                    8,140625      5730304 hola
 5212 hola_svc                             61509632 hola_svc
    0 Idle                                     8192 Idle
 5204 jhi_service                           2195456 jhi_service
 6896 jucheck                 0,234375      5074944 jucheck
17628 jusched                 0,21875       5480448 jusched
17572 Lightshot               0,25          4710400 Lightshot
 5420 LMS                                   4415488 LMS
  948 lsass                                18792448 lsass
 2892 Memory Compression                  110690304 Memory Compression
 5176 MpDefenderCoreService                18968576 MpDefenderCoreService
 4540 msedge                  0,03125       7372800 msedge
 7536 msedge                  2,546875     78450688 msedge
 8012 msedge                  0             3317760 msedge
10688 msedge                  0,375        24588288 msedge
18576 msedge                  0,21875      21745664 msedge
 1332 msedgewebview2          2,265625     22159360 msedgewebview2
 1860 msedgewebview2          16,015625   248365056 msedgewebview2
 9660 msedgewebview2          0,15625       5419008 msedgewebview2
17744 msedgewebview2          1,546875     35831808 msedgewebview2
18176 msedgewebview2          7,625        56770560 msedgewebview2
18412 msedgewebview2          0,03125       2564096 msedgewebview2
19376 msedgewebview2          1,40625       7565312 msedgewebview2
 5140 MsMpEng                             295391232 MsMpEng
18132 ms-teams                5,78125      40230912 ms-teams
18712 ms-teams                3,734375     42450944 ms-teams
 8248 net_updater64                        68669440 net_updater64
11028 NisSrv                                8318976 NisSrv
 2476 NVDisplay.Container                  33128448 NVDisplay.Container
 2868 NVDisplay.Container                  47153152 NVDisplay.Container
 5308 OfficeClickToRun                     50438144 OfficeClickToRun
12356 Overwolf                145,484375  164900864 Overwolf
14536 OverwolfBrowser         0,21875       4579328 OverwolfBrowser
15456 OverwolfBrowser         0,765625     21893120 OverwolfBrowser
16036 OverwolfBrowser         0,734375     16510976 OverwolfBrowser
17256 OverwolfBrowser         0,65625       6762496 OverwolfBrowser
16724 OverwolfHelper          99,34375     10444800 OverwolfHelper
17164 OverwolfHelper64        64,921875    10420224 OverwolfHelper64
 6720 PhoneExperienceHost     1,796875     86712320 PhoneExperienceHost
15300 powershell              3,5625      104476672 powershell
  148 Registry                             31719424 Registry
15816 RiotClientCrashHandler  0,03125       1810432 RiotClientCrashHandler
14140 RiotClientServices      83,859375   301785088 RiotClientServices
 5156 RtkAudUService64                      5570560 RtkAudUService64
12240 RtkAudUService64        0,03125       2781184 RtkAudUService64
 7176 RuntimeBroker           0,046875      3878912 RuntimeBroker
 7452 RuntimeBroker           0,0625        4567040 RuntimeBroker
 9668 RuntimeBroker           0,78125      21508096 RuntimeBroker
 9768 RuntimeBroker           2,21875      32161792 RuntimeBroker
11652 RuntimeBroker           6,296875     18800640 RuntimeBroker
16504 RuntimeBroker           0,03125       8146944 RuntimeBroker
 5228 RvControlSvc                          8200192 RvControlSvc
17152 SABER RGB               760,734375   51752960 SABER RGB
 5364 SDXHelper               1,390625      9338880 SDXHelper
 9252 SearchApp               1,109375     38817792 SearchApp
10016 SearchApp               9,90625     235855872 SearchApp
 6176 SearchIndexer                        37072896 SearchIndexer
12012 SecurityHealthService                10059776 SecurityHealthService
11976 SecurityHealthSystray   0,0625        4235264 SecurityHealthSystray
  924 services                              9379840 services
10128 SgrmBroker                            7593984 SgrmBroker
 6000 sihost                  3,0625       20922368 sihost
 2952 Skype                   0,765625     41050112 Skype
 3820 Skype                   0,8125        9306112 Skype
12628 Skype                   34,6875     210055168 Skype
15688 Skype                   13,3125      64557056 Skype
16608 Skype                   2,53125       7565312 Skype
17216 Skype                   5,609375     17379328 Skype
  592 smss                                   552960 smss
 4724 spoolsv                               7958528 spoolsv
 5124 sqlwriter                             2822144 sqlwriter
 4020 StartMenuExperienceHost 1,703125     69062656 StartMenuExperienceHost
11292 steam                   156,1875     74989568 steam
11644 steamservice                          8962048 steamservice
11612 steamwebhelper          0,015625      4861952 steamwebhelper
11712 steamwebhelper          11,53125    144539648 steamwebhelper
11892 steamwebhelper          210,5625     80756736 steamwebhelper
12444 steamwebhelper          0,84375      16605184 steamwebhelper
13712 steamwebhelper          188,890625  332795904 steamwebhelper
14296 steamwebhelper          0,078125      9392128 steamwebhelper
16812 steamwebhelper          5,328125     82522112 steamwebhelper
 1120 svchost                              21078016 svchost
 1136 svchost                              10465280 svchost
 1252 svchost                              14069760 svchost
 1312 svchost                               4751360 svchost
 1580 svchost                              17260544 svchost
 1604 svchost                               5918720 svchost
 1612 svchost                               5246976 svchost
 1692 svchost                               7811072 svchost
 1720 svchost                               2985984 svchost
 1768 svchost                               4698112 svchost
 1924 svchost                               4456448 svchost
 2012 svchost                               9785344 svchost
 2076 svchost                               7680000 svchost
 2108 svchost                               6479872 svchost
 2128 svchost                               2887680 svchost
 2180 svchost                               6881280 svchost
 2264 svchost                               2932736 svchost
 2308 svchost                               6242304 svchost
 2456 svchost                              16351232 svchost
 2536 svchost                               2605056 svchost
 2716 svchost                               7180288 svchost
 2776 svchost                               2125824 svchost
 2788 svchost                               6311936 svchost
 2796 svchost                               4837376 svchost
 2920 svchost                               3178496 svchost
 2972 svchost                               5746688 svchost
 2980 svchost                               3932160 svchost
 2988 svchost                              14647296 svchost
 3120 svchost                               4460544 svchost
 3172 svchost                               6094848 svchost
 3720 svchost                               4407296 svchost
 3756 svchost                               3567616 svchost
 3804 svchost                              18505728 svchost
 3812 svchost                              12472320 svchost
 3936 svchost                               4571136 svchost
 4000 svchost                              11603968 svchost
 4264 svchost                               9486336 svchost
 4492 svchost                               6201344 svchost
 4500 svchost                               6971392 svchost
 4640 svchost                              11866112 svchost
 4664 svchost                               4628480 svchost
 4916 svchost                               3526656 svchost
 4976 svchost                               8785920 svchost
 5040 svchost                              36036608 svchost
 5048 svchost                              13381632 svchost
 5056 svchost                              37298176 svchost
 5068 svchost                               4018176 svchost
 5076 svchost                               1810432 svchost
 5084 svchost                               4227072 svchost
 5092 svchost                              16846848 svchost
 5100 svchost                               2588672 svchost
 5288 svchost                               3059712 svchost
 5496 svchost                               2220032 svchost
 5788 svchost                               2592768 svchost
 6052 svchost                 1,96875      24461312 svchost
 6160 svchost                 2,40625      23506944 svchost
 6216 svchost                               7208960 svchost
 6440 svchost                              12382208 svchost
 7308 svchost                               2891776 svchost
 7380 svchost                               8036352 svchost
 7700 svchost                               6438912 svchost
 7736 svchost                              13193216 svchost
 7776 svchost                               4853760 svchost
 7880 svchost                               3272704 svchost
 8168 svchost                               2097152 svchost
 8184 svchost                               8302592 svchost
 8404 svchost                 0,75         33124352 svchost
 8836 svchost                              14569472 svchost
10096 svchost                              12222464 svchost
10400 svchost                              11894784 svchost
10404 svchost                               6389760 svchost
10428 svchost                 0,40625      11350016 svchost
11672 svchost                              12472320 svchost
12748 svchost                               5955584 svchost
13632 svchost                               7843840 svchost
16772 svchost                              10473472 svchost
    4 System                                 978944 System
 8652 TabTip                  1,265625      7565312 TabTip
 5172 taskhostw               0,203125     16236544 taskhostw
 7064 taskhostw               0,84375      10944512 taskhostw
17236 Telegram                26,75       455733248 Telegram
15232 TeraBoxWebService       0,046875      4280320 TeraBoxWebService
11776 TextInputHost           0,921875     29577216 TextInputHost
11740 UserOOBEBroker          0,078125      4739072 UserOOBEBroker
 5376 Video.UI                0,203125      2965504 Video.UI
 8136 Wacom_Tablet                         19447808 Wacom_Tablet
 5960 Wacom_TabletUser        0,0625        2199552 Wacom_TabletUser
 6972 Wacom_TouchUser         0,40625       8196096 Wacom_TouchUser
 6808 Wacom_UpdateUtil        0,03125       2658304 Wacom_UpdateUtil
 3772 WacomHost                             2600960 WacomHost
 1016 wininit                               1441792 wininit
 1364 winlogon                              3928064 winlogon
 5132 WTabletServicePro                     3649536 WTabletServicePro
 1184 WUDFHost                              2355200 WUDFHost


PS C:\Windows> Get-Process | Format-Table Id, Name, cpu, workingset, processname | -filter "cpu" >5
-filter : Имя "-filter" не распознано как имя командлета, функции, файла сценария или выполняемой программы. Проверьте правильность н
аписания имени, а также наличие и правильность пути, после чего повторите попытку.
строка:1 знак:69
+ ... Format-Table Id, Name, cpu, workingset, processname | -filter "cpu" > ...
+                                                           ~~~~~~~
    + CategoryInfo          : ObjectNotFound: (-filter:String) [], CommandNotFoundException
    + FullyQualifiedErrorId : CommandNotFoundException

PS C:\Windows>  Get-Process | Format-Table Id, Name, cpu, workingset, processname -filter "cpu" > 5
out-file : Отказано в доступе по пути "C:\Windows\5".
строка:1 знак:2
+  Get-Process | Format-Table Id, Name, cpu, workingset, processname -f ...
+  ~~~~~~~~~~~~~~~~~~~~~~~~~~~~~~~~~~~~~~~~~~~~~~~~~~~~~~~~~~~~~~~~~~~~
    + CategoryInfo          : OpenError: (:) [Out-File], UnauthorizedAccessException
    + FullyQualifiedErrorId : FileOpenFailure,Microsoft.PowerShell.Commands.OutFileCommand

PS C:\Windows>  Get-Process | Format-Table Id, Name, cpu, workingset, processname

   Id Name                    CPU        WorkingSet ProcessName
   -- ----                    ---        ---------- -----------
 8756 AggregatorHost                        3092480 AggregatorHost
 1956 audiodg                 32,265625    16949248 audiodg
 1564 chrome                  0,0625       30683136 chrome
 2228 chrome                  2,453125     71630848 chrome
 3468 chrome                  0,84375      98537472 chrome
 4252 chrome                  86,34375    219623424 chrome
 4876 chrome                  0,046875     20606976 chrome
 5356 chrome                  1,546875    119537664 chrome
 5572 chrome                  204,46875   435679232 chrome
 8556 chrome                  0,875        25710592 chrome
 8984 chrome                  0,84375      26243072 chrome
 9208 chrome                  0,078125     10125312 chrome
 9220 chrome                  72,75       259108864 chrome
 9404 chrome                  0,171875     47079424 chrome
11812 chrome                  17,640625   403275776 chrome
12256 chrome                  0,078125     53571584 chrome
12572 chrome                  236,9375    288710656 chrome
12656 chrome                  0,5          75644928 chrome
13540 chrome                  0,21875      44490752 chrome
14360 chrome                  24,265625    59142144 chrome
14672 chrome                  4,125       182472704 chrome
15096 chrome                  0,40625      56954880 chrome
15196 chrome                  1,234375    119435264 chrome
15288 chrome                  4,21875     108331008 chrome
16484 chrome                  10,578125    25526272 chrome
13512 CompPkgSrv              0,078125      4988928 CompPkgSrv
10188 conhost                 0,078125     15724544 conhost
15160 conhost                 8,25         18669568 conhost
14384 crashpad_handler        0             2281472 crashpad_handler
  616 csrss                                 3543040 csrss
  888 csrss                                 3092480 csrss
 7628 ctfmon                  3,453125     13529088 ctfmon
  612 curseforge              10,421875   152670208 curseforge
18060 deskpins                0             1683456 deskpins
 8060 dllhost                               5963776 dllhost
11096 dllhost                 0,078125      8081408 dllhost
 1816 dwm                                  68165632 dwm
 7276 explorer                34,171875   195149824 explorer
 1148 fontdrvhost                           1667072 fontdrvhost
 1432 fontdrvhost                          11911168 fontdrvhost
 5940 gamingservices                       21680128 gamingservices
 5952 gamingservicesnet                     1564672 gamingservicesnet
 4472 goodbyedpi                            1433600 goodbyedpi
 6264 GoogleDriveFS           0,40625      67641344 GoogleDriveFS
 9204 GoogleDriveFS           0,03125      32780288 GoogleDriveFS
10292 GoogleDriveFS           8,375       102989824 GoogleDriveFS
14124 GoogleDriveFS           0,109375     10330112 GoogleDriveFS
14212 GoogleDriveFS           0,03125      25751552 GoogleDriveFS
15956 GoogleDriveFS           0,046875     33783808 GoogleDriveFS
18424 GoogleDriveFS           0,21875      69165056 GoogleDriveFS
11316 hola                    8,140625      5730304 hola
 5212 hola_svc                             62214144 hola_svc
    0 Idle                                     8192 Idle
 5204 jhi_service                           2195456 jhi_service
 6896 jucheck                 0,234375      5074944 jucheck
17628 jusched                 0,21875       5480448 jusched
17572 Lightshot               0,25          4710400 Lightshot
 5420 LMS                                   4415488 LMS
  948 lsass                                18796544 lsass
 2892 Memory Compression                  101441536 Memory Compression
 5176 MpDefenderCoreService                19517440 MpDefenderCoreService
 4540 msedge                  0,03125       7364608 msedge
 7536 msedge                  2,546875     78106624 msedge
 8012 msedge                  0             3317760 msedge
10688 msedge                  0,375        24588288 msedge
18576 msedge                  0,21875      21741568 msedge
 1332 msedgewebview2          2,3125       22159360 msedgewebview2
 1860 msedgewebview2          16,09375    248115200 msedgewebview2
 9660 msedgewebview2          0,15625       5419008 msedgewebview2
17744 msedgewebview2          1,546875     35831808 msedgewebview2
18176 msedgewebview2          7,65625      56766464 msedgewebview2
18412 msedgewebview2          0,03125       2564096 msedgewebview2
19376 msedgewebview2          1,40625       7565312 msedgewebview2
 5140 MsMpEng                             300007424 MsMpEng
18132 ms-teams                5,8125       40235008 ms-teams
18712 ms-teams                3,734375     42479616 ms-teams
 8248 net_updater64                        70430720 net_updater64
11028 NisSrv                                8232960 NisSrv
 2476 NVDisplay.Container                  33128448 NVDisplay.Container
 2868 NVDisplay.Container                  47153152 NVDisplay.Container
 5308 OfficeClickToRun                     50434048 OfficeClickToRun
12356 Overwolf                146,78125   165179392 Overwolf
14536 OverwolfBrowser         0,21875       4579328 OverwolfBrowser
15456 OverwolfBrowser         0,765625     21893120 OverwolfBrowser
16036 OverwolfBrowser         0,734375     16510976 OverwolfBrowser
17256 OverwolfBrowser         0,65625       6762496 OverwolfBrowser
16724 OverwolfHelper          101,03125    10469376 OverwolfHelper
17164 OverwolfHelper64        65,375       10436608 OverwolfHelper64
 6720 PhoneExperienceHost     1,796875     87015424 PhoneExperienceHost
15300 powershell              3,96875      98922496 powershell
  148 Registry                             31731712 Registry
15816 RiotClientCrashHandler  0,03125       1810432 RiotClientCrashHandler
14140 RiotClientServices      83,859375   301768704 RiotClientServices
 5156 RtkAudUService64                      5570560 RtkAudUService64
12240 RtkAudUService64        0,03125       2781184 RtkAudUService64
 7176 RuntimeBroker           0,046875      3878912 RuntimeBroker
 7452 RuntimeBroker           0,0625        4579328 RuntimeBroker
 9668 RuntimeBroker           0,78125      21508096 RuntimeBroker
 9768 RuntimeBroker           2,21875      32178176 RuntimeBroker
11652 RuntimeBroker           6,296875     18800640 RuntimeBroker
16504 RuntimeBroker           0,03125       8146944 RuntimeBroker
 5228 RvControlSvc                          8200192 RvControlSvc
17152 SABER RGB               767,796875   51585024 SABER RGB
 5364 SDXHelper               1,40625       9682944 SDXHelper
 9252 SearchApp               1,109375     38592512 SearchApp
10016 SearchApp               9,90625     235855872 SearchApp
 6176 SearchIndexer                        37060608 SearchIndexer
12012 SecurityHealthService                10059776 SecurityHealthService
11976 SecurityHealthSystray   0,0625        4235264 SecurityHealthSystray
  924 services                              9371648 services
10128 SgrmBroker                            7438336 SgrmBroker
 6000 sihost                  3,0625       20905984 sihost
 2952 Skype                   0,765625     41050112 Skype
 3820 Skype                   0,8125        9306112 Skype
12628 Skype                   34,75       210231296 Skype
15688 Skype                   13,546875    64020480 Skype
16608 Skype                   2,53125       7565312 Skype
17216 Skype                   5,609375     17375232 Skype
  592 smss                                   552960 smss
 4724 spoolsv                               7958528 spoolsv
 5124 sqlwriter                             2822144 sqlwriter
 4020 StartMenuExperienceHost 1,703125     69087232 StartMenuExperienceHost
11292 steam                   158,109375   75563008 steam
11644 steamservice                          8962048 steamservice
11612 steamwebhelper          0,015625      4861952 steamwebhelper
11712 steamwebhelper          11,625      144642048 steamwebhelper
11892 steamwebhelper          210,5625     80756736 steamwebhelper
12444 steamwebhelper          0,84375      16605184 steamwebhelper
13712 steamwebhelper          188,90625   333172736 steamwebhelper
14296 steamwebhelper          0,078125      9392128 steamwebhelper
16812 steamwebhelper          5,34375      82747392 steamwebhelper
 1120 svchost                              21065728 svchost
 1136 svchost                              10448896 svchost
 1252 svchost                              14065664 svchost
 1312 svchost                               4755456 svchost
 1580 svchost                              17268736 svchost
 1604 svchost                               5918720 svchost
 1612 svchost                               5246976 svchost
 1692 svchost                               7843840 svchost
 1720 svchost                               2985984 svchost
 1768 svchost                               4714496 svchost
 1924 svchost                               4456448 svchost
 2012 svchost                               9785344 svchost
 2076 svchost                               7680000 svchost
 2108 svchost                               6479872 svchost
 2128 svchost                               2887680 svchost
 2180 svchost                               6860800 svchost
 2264 svchost                               2932736 svchost
 2308 svchost                               6279168 svchost
 2456 svchost                              15237120 svchost
 2536 svchost                               2605056 svchost
 2716 svchost                               7147520 svchost
 2776 svchost                               2125824 svchost
 2788 svchost                               6287360 svchost
 2796 svchost                               4837376 svchost
 2920 svchost                               3178496 svchost
 2972 svchost                               5746688 svchost
 2980 svchost                               4227072 svchost
 2988 svchost                              14635008 svchost
 3120 svchost                               4550656 svchost
 3172 svchost                               6049792 svchost
 3720 svchost                               4407296 svchost
 3756 svchost                               3567616 svchost
 3804 svchost                              18460672 svchost
 3812 svchost                              12455936 svchost
 3936 svchost                               4591616 svchost
 4000 svchost                              11603968 svchost
 4264 svchost                               9486336 svchost
 4492 svchost                               6201344 svchost
 4500 svchost                               6971392 svchost
 4640 svchost                              11763712 svchost
 4664 svchost                               4628480 svchost
 4916 svchost                               3526656 svchost
 4976 svchost                               8806400 svchost
 5040 svchost                              36044800 svchost
 5048 svchost                              13406208 svchost
 5056 svchost                              38019072 svchost
 5068 svchost                               4018176 svchost
 5076 svchost                               1810432 svchost
 5084 svchost                               4227072 svchost
 5092 svchost                              16846848 svchost
 5100 svchost                               2588672 svchost
 5288 svchost                               3059712 svchost
 5496 svchost                               2220032 svchost
 5788 svchost                               2592768 svchost
 6052 svchost                 2,078125     24649728 svchost
 6160 svchost                 2,40625      23511040 svchost
 6216 svchost                               7204864 svchost
 6440 svchost                              12431360 svchost
 7308 svchost                               2891776 svchost
 7380 svchost                               8036352 svchost
 7700 svchost                               6430720 svchost
 7736 svchost                              13197312 svchost
 7776 svchost                               4853760 svchost
 7880 svchost                               3272704 svchost
 8168 svchost                               2097152 svchost
 8184 svchost                               8306688 svchost
 8404 svchost                 0,78125      33603584 svchost
 8836 svchost                              14594048 svchost
10096 svchost                              12234752 svchost
10400 svchost                              11902976 svchost
10404 svchost                               6402048 svchost
10428 svchost                 0,40625      11313152 svchost
11672 svchost                              12361728 svchost
12748 svchost                               5959680 svchost
13632 svchost                               7888896 svchost
16772 svchost                              10493952 svchost
    4 System                                 983040 System
 8652 TabTip                  1,3125        7553024 TabTip
 5172 taskhostw               0,203125     16240640 taskhostw
 7064 taskhostw               0,84375      10936320 taskhostw
17236 Telegram                26,890625   454955008 Telegram
15232 TeraBoxWebService       0,046875      4280320 TeraBoxWebService
11776 TextInputHost           0,953125     29790208 TextInputHost
11740 UserOOBEBroker          0,078125      4771840 UserOOBEBroker
 5376 Video.UI                0,203125      2965504 Video.UI
 8136 Wacom_Tablet                         19447808 Wacom_Tablet
 5960 Wacom_TabletUser        0,0625        2199552 Wacom_TabletUser
 6972 Wacom_TouchUser         0,4375        8196096 Wacom_TouchUser
 6808 Wacom_UpdateUtil        0,03125       2658304 Wacom_UpdateUtil
 3772 WacomHost                             2600960 WacomHost
 1016 wininit                               1441792 wininit
 1364 winlogon                              3932160 winlogon
 5132 WTabletServicePro                     3649536 WTabletServicePro
 1184 WUDFHost                              2355200 WUDFHost


PS C:\Windows>  Get-Process -filter "cpu"  | Format-Table Id, Name, cpu, workingset, processname | -filter "cpu" >5
-filter : Имя "-filter" не распознано как имя командлета, функции, файла сценария или выполняемой программы. Проверьте правильность н
аписания имени, а также наличие и правильность пути, после чего повторите попытку.
строка:1 знак:85
+ ... Format-Table Id, Name, cpu, workingset, processname | -filter "cpu" > ...
+                                                           ~~~~~~~
    + CategoryInfo          : ObjectNotFound: (-filter:String) [], CommandNotFoundException
    + FullyQualifiedErrorId : CommandNotFoundException

PS C:\Windows> Get-Process -filter "cpu" |where-object {$_.cpu -GT 5} | Format-Table Id, Name, cpu, workingset, processname | -filter "cpu" >5
-filter : Имя "-filter" не распознано как имя командлета, функции, файла сценария или выполняемой программы. Проверьте правильность н
аписания имени, а также наличие и правильность пути, после чего повторите попытку.
строка:1 знак:112
+ ... Format-Table Id, Name, cpu, workingset, processname | -filter "cpu" > ...
+                                                           ~~~~~~~
    + CategoryInfo          : ObjectNotFound: (-filter:String) [], CommandNotFoundException
    + FullyQualifiedErrorId : CommandNotFoundException

PS C:\Windows> Get-Process |where-object {$_.cpu -GT 5} | Format-Table Id, Name, cpu, workingset, processname | -filter "cpu" >5      -filter : Имя "-filter" не распознано как имя командлета, функции, файла сценария или выполняемой программы. Проверьте правильность н
аписания имени, а также наличие и правильность пути, после чего повторите попытку.
строка:1 знак:98
+ ... Format-Table Id, Name, cpu, workingset, processname | -filter "cpu" > ...
+                                                           ~~~~~~~
    + CategoryInfo          : ObjectNotFound: (-filter:String) [], CommandNotFoundException
    + FullyQualifiedErrorId : CommandNotFoundException

PS C:\Windows> Get-Process |where-object {$_.cpu -GT 5} | Format-Table Id, Name, cpu, workingset, processname
   Id Name                      CPU WorkingSet ProcessName
   -- ----                      --- ---------- -----------
 1956 audiodg                 36,25   16949248 audiodg
 4252 chrome              92,359375  225124352 chrome
 5572 chrome              214,78125  430440448 chrome
 9220 chrome              74,203125  259788800 chrome
11812 chrome                20,9375  381607936 chrome
12572 chrome              248,09375  276205568 chrome
14360 chrome               26,03125   59240448 chrome
15016 chrome               5,890625   71704576 chrome
16484 chrome                     12   25563136 chrome
15160 conhost              9,109375   18821120 conhost
  612 curseforge          10,421875  153169920 curseforge
 7276 explorer               34,875  195530752 explorer
10292 GoogleDriveFS         8,84375  102928384 GoogleDriveFS
11316 hola                 8,171875    5730304 hola
 1860 msedgewebview2      16,109375  248311808 msedgewebview2
18176 msedgewebview2         7,6875   56754176 msedgewebview2
18132 ms-teams             5,921875   40259584 ms-teams
12356 Overwolf            148,53125  164925440 Overwolf
16724 OverwolfHelper     102,296875   10452992 OverwolfHelper
17164 OverwolfHelper64    66,609375   10428416 OverwolfHelper64
14140 RiotClientServices  83,859375  301768704 RiotClientServices
11652 RuntimeBroker        6,296875   18800640 RuntimeBroker
17152 SABER RGB            779,0625   51658752 SABER RGB
10016 SearchApp             9,90625  235855872 SearchApp
12628 Skype               34,859375  210001920 Skype
15688 Skype               13,765625   64204800 Skype
17216 Skype                5,640625   17358848 Skype
11292 steam               160,46875   75612160 steam
11712 steamwebhelper        11,8125  144637952 steamwebhelper
11892 steamwebhelper       210,5625   80617472 steamwebhelper
13712 steamwebhelper     188,921875  333824000 steamwebhelper
16812 steamwebhelper       5,359375   83062784 steamwebhelper
17236 Telegram            27,171875  454955008 Telegram


PS C:\Windows>   Get-Process |where-object {$_.cpu -GT 5} | Format-Table Id, Name, cpu, workingset, processname | sort "id"
out-lineoutput : Объект типа "Microsoft.PowerShell.Commands.Internal.Format.FormatEntryData" недопустим или находится в неправильной
последовательности. Вероятно, это вызвано указанной пользователем командой "format-*", которая конфликтует с форматированием по умолч
анию.
    + CategoryInfo          : InvalidData: (:) [out-lineoutput], InvalidOperationException
    + FullyQualifiedErrorId : ConsoleLineOutputOutOfSequencePacket,Microsoft.PowerShell.Commands.OutLineOutputCommand
PS C:\Windows> Get-Process |where-object {$_.cpu -GT 5} | Format-Table Id, Name, cpu, workingset, processname | sort "Id"
out-lineoutput : Объект типа "Microsoft.PowerShell.Commands.Internal.Format.FormatEntryData" недопустим или находится в неправильной
последовательности. Вероятно, это вызвано указанной пользователем командой "format-*", которая конфликтует с форматированием по умолч
анию.
    + CategoryInfo          : InvalidData: (:) [out-lineoutput], InvalidOperationException
    + FullyQualifiedErrorId : ConsoleLineOutputOutOfSequencePacket,Microsoft.PowerShell.Commands.OutLineOutputCommand
PS C:\Windows> ^C
PS C:\Windows> Get-Process |where-object {$_.cpu -GT 5} | Format-Table Id, Name, cpu, workingset, processname | sort "id"

out-lineoutput : Объект типа "Microsoft.PowerShell.Commands.Internal.Format.FormatEntryData" недопустим или находится в неправильной пос
ледовательности. Вероятно, это вызвано указанной пользователем командой "format-*", которая конфликтует с форматированием по умолчанию.
    + CategoryInfo          : InvalidData: (:) [out-lineoutput], InvalidOperationException
    + FullyQualifiedErrorId : ConsoleLineOutputOutOfSequencePacket,Microsoft.PowerShell.Commands.OutLineOutputCommand
PS C:\Windows> Get-Process |where-object {$_.cpu -GT 5} | Format-Table Id, Name, cpu, workingset, processname | sort-object "name"
out-lineoutput : Объект типа "Microsoft.PowerShell.Commands.Internal.Format.FormatEntryData" недопустим или находится в неправильной пос
ледовательности. Вероятно, это вызвано указанной пользователем командой "format-*", которая конфликтует с форматированием по умолчанию.
    + CategoryInfo          : InvalidData: (:) [out-lineoutput], InvalidOperationException
    + FullyQualifiedErrorId : ConsoleLineOutputOutOfSequencePacket,Microsoft.PowerShell.Commands.OutLineOutputCommand
PS C:\Windows> Get-Process |where-object {$_.cpu -GT 5} | Format-Table Id, Name, cpu, workingset, processname | sort-object "Id"
out-lineoutput : Объект типа "Microsoft.PowerShell.Commands.Internal.Format.FormatEntryData" недопустим или находится в неправильной пос
ледовательности. Вероятно, это вызвано указанной пользователем командой "format-*", которая конфликтует с форматированием по умолчанию.
    + CategoryInfo          : InvalidData: (:) [out-lineoutput], InvalidOperationException
    + FullyQualifiedErrorId : ConsoleLineOutputOutOfSequencePacket,Microsoft.PowerShell.Commands.OutLineOutputCommand
PS C:\Windows> Add-Content -Path C:\Users\Dasha\Download\TestLog.txt

Командлет Add-Content в конвейере команд в позиции 1
Укажите значения для следующих параметров:
Value[0]: 1
Value[1]:
Add-Content : Не удалось найти часть пути "C:\Users\Dasha\Download\TestLog.txt".
строка:1 знак:1
+ Add-Content -Path C:\Users\Dasha\Download\TestLog.txt
+ ~~~~~~~~~~~~~~~~~~~~~~~~~~~~~~~~~~~~~~~~~~~~~~~~~~~~~
    + CategoryInfo          : ObjectNotFound: (C:\Users\Dasha\Download\TestLog.txt:String) [Add-Content], DirectoryNotFoundException
    + FullyQualifiedErrorId : GetContentWriterDirectoryNotFoundError,Microsoft.PowerShell.Commands.AddContentCommand

PS C:\Windows> Add-Content -Path C:\Users\Dasha\Download\TestLog.txt -Value "Файлы успешно созданы в $env:computername"
Add-Content : Не удалось найти часть пути "C:\Users\Dasha\Download\TestLog.txt".
строка:1 знак:1
+ Add-Content -Path C:\Users\Dasha\Download\TestLog.txt -Value "Файлы у ...
+ ~~~~~~~~~~~~~~~~~~~~~~~~~~~~~~~~~~~~~~~~~~~~~~~~~~~~~~~~~~~~~~~~~~~~~
    + CategoryInfo          : ObjectNotFound: (C:\Users\Dasha\Download\TestLog.txt:String) [Add-Content], DirectoryNotFoundException
    + FullyQualifiedErrorId : GetContentWriterDirectoryNotFoundError,Microsoft.PowerShell.Commands.AddContentCommand

PS C:\Windows> Add-Content TestLog.txt

Командлет Add-Content в конвейере команд в позиции 1
Укажите значения для следующих параметров:
Value[0]:
Add-Content : Отказано в доступе по пути "C:\Windows\TestLog.txt".
строка:1 знак:1
+ Add-Content TestLog.txt
+ ~~~~~~~~~~~~~~~~~~~~~~~
    + CategoryInfo          : PermissionDenied: (C:\Windows\TestLog.txt:String) [Add-Content], UnauthorizedAccessException
    + FullyQualifiedErrorId : GetContentWriterUnauthorizedAccessError,Microsoft.PowerShell.Commands.AddContentCommand

PS C:\Windows> cd C:\Users\Dasha\Download
cd : Не удается найти путь "C:\Users\Dasha\Download", так как он не существует.
строка:1 знак:1
+ cd C:\Users\Dasha\Download
+ ~~~~~~~~~~~~~~~~~~~~~~~~~~
    + CategoryInfo          : ObjectNotFound: (C:\Users\Dasha\Download:String) [Set-Location], ItemNotFoundException
    + FullyQualifiedErrorId : PathNotFound,Microsoft.PowerShell.Commands.SetLocationCommand

PS C:\Windows> cd C:\Users\Dasha\Downloads
PS C:\Users\Dasha\Downloads>  Add-Content TestLog.txt

Командлет Add-Content в конвейере команд в позиции 1
Укажите значения для следующих параметров:
Value[0]:
PS C:\Users\Dasha\Downloads>